Archive member included to satisfy reference by file (symbol)

scpi-parser/libscpi.a(ieee488.o)
                              CMakeFiles/serial_scpi.dir/serial_scpi.c.obj (SCPI_CoreIdnQ)
scpi-parser/libscpi.a(parser.o)
                              CMakeFiles/serial_scpi.dir/serial_scpi.c.obj (SCPI_Init)
scpi-parser/libscpi.a(units.o)
                              CMakeFiles/serial_scpi.dir/serial_scpi.c.obj (scpi_units_def)
scpi-parser/libscpi.a(utils.o)
                              scpi-parser/libscpi.a(parser.o) (strnpbrk)
scpi-parser/libscpi.a(lexer.o)
                              scpi-parser/libscpi.a(parser.o) (scpiLex_IsEos)
scpi-parser/libscpi.a(error.o)
                              scpi-parser/libscpi.a(parser.o) (SCPI_ErrorInit)
scpi-parser/libscpi.a(fifo.o)
                              scpi-parser/libscpi.a(error.o) (fifo_init)
/usr/lib/gcc/arm-none-eabi/8.3.1/../../../arm-none-eabi/lib/thumb/v6-m/nofp/libm.a(lib_a-s_frexp.o)
                              scpi-parser/libscpi.a(utils.o) (frexp)
/usr/lib/gcc/arm-none-eabi/8.3.1/../../../arm-none-eabi/lib/thumb/v6-m/nofp/libm.a(lib_a-s_modf.o)
                              scpi-parser/libscpi.a(utils.o) (modf)
/usr/lib/gcc/arm-none-eabi/8.3.1/thumb/v6-m/nofp/libgcc.a(_dvmd_tls.o)
                              CMakeFiles/serial_scpi.dir/home/pi/pico/pico-sdk/src/rp2_common/pico_divider/divider.S.obj (__aeabi_idiv0)
/usr/lib/gcc/arm-none-eabi/8.3.1/../../../arm-none-eabi/lib/thumb/v6-m/nofp/libg.a(lib_a-atexit.o)
                              /usr/lib/gcc/arm-none-eabi/8.3.1/../../../arm-none-eabi/lib/thumb/v6-m/nofp/crt0.o (atexit)
/usr/lib/gcc/arm-none-eabi/8.3.1/../../../arm-none-eabi/lib/thumb/v6-m/nofp/libg.a(lib_a-calloc.o)
                              CMakeFiles/serial_scpi.dir/home/pi/pico/pico-sdk/src/rp2_common/pico_malloc/pico_malloc.c.obj (calloc)
/usr/lib/gcc/arm-none-eabi/8.3.1/../../../arm-none-eabi/lib/thumb/v6-m/nofp/libg.a(lib_a-callocr.o)
                              /usr/lib/gcc/arm-none-eabi/8.3.1/../../../arm-none-eabi/lib/thumb/v6-m/nofp/libg.a(lib_a-calloc.o) (_calloc_r)
/usr/lib/gcc/arm-none-eabi/8.3.1/../../../arm-none-eabi/lib/thumb/v6-m/nofp/libg.a(lib_a-ctype_.o)
                              CMakeFiles/serial_scpi.dir/home/pi/pico/pico-sdk/lib/tinyusb/src/tusb.c.obj (_ctype_)
/usr/lib/gcc/arm-none-eabi/8.3.1/../../../arm-none-eabi/lib/thumb/v6-m/nofp/libg.a(lib_a-fgetc.o)
                              CMakeFiles/serial_scpi.dir/serial_scpi.c.obj (fgetc)
/usr/lib/gcc/arm-none-eabi/8.3.1/../../../arm-none-eabi/lib/thumb/v6-m/nofp/libg.a(lib_a-findfp.o)
                              /usr/lib/gcc/arm-none-eabi/8.3.1/../../../arm-none-eabi/lib/thumb/v6-m/nofp/libg.a(lib_a-fgetc.o) (__sinit)
/usr/lib/gcc/arm-none-eabi/8.3.1/../../../arm-none-eabi/lib/thumb/v6-m/nofp/libg.a(lib_a-fini.o)
                              /usr/lib/gcc/arm-none-eabi/8.3.1/../../../arm-none-eabi/lib/thumb/v6-m/nofp/crt0.o (__libc_fini_array)
/usr/lib/gcc/arm-none-eabi/8.3.1/../../../arm-none-eabi/lib/thumb/v6-m/nofp/libg.a(lib_a-fwalk.o)
                              /usr/lib/gcc/arm-none-eabi/8.3.1/../../../arm-none-eabi/lib/thumb/v6-m/nofp/libg.a(lib_a-findfp.o) (_fwalk)
/usr/lib/gcc/arm-none-eabi/8.3.1/../../../arm-none-eabi/lib/thumb/v6-m/nofp/libg.a(lib_a-fwrite.o)
                              CMakeFiles/serial_scpi.dir/serial_scpi.c.obj (fwrite)
/usr/lib/gcc/arm-none-eabi/8.3.1/../../../arm-none-eabi/lib/thumb/v6-m/nofp/libg.a(lib_a-impure.o)
                              /usr/lib/gcc/arm-none-eabi/8.3.1/../../../arm-none-eabi/lib/thumb/v6-m/nofp/libg.a(lib_a-findfp.o) (_global_impure_ptr)
/usr/lib/gcc/arm-none-eabi/8.3.1/../../../arm-none-eabi/lib/thumb/v6-m/nofp/libg.a(lib_a-init.o)
                              /usr/lib/gcc/arm-none-eabi/8.3.1/../../../arm-none-eabi/lib/thumb/v6-m/nofp/crt0.o (__libc_init_array)
/usr/lib/gcc/arm-none-eabi/8.3.1/../../../arm-none-eabi/lib/thumb/v6-m/nofp/libg.a(lib_a-malloc.o)
                              CMakeFiles/serial_scpi.dir/home/pi/pico/pico-sdk/src/rp2_common/pico_malloc/pico_malloc.c.obj (malloc)
/usr/lib/gcc/arm-none-eabi/8.3.1/../../../arm-none-eabi/lib/thumb/v6-m/nofp/libg.a(lib_a-mallocr.o)
                              /usr/lib/gcc/arm-none-eabi/8.3.1/../../../arm-none-eabi/lib/thumb/v6-m/nofp/libg.a(lib_a-callocr.o) (_malloc_r)
/usr/lib/gcc/arm-none-eabi/8.3.1/../../../arm-none-eabi/lib/thumb/v6-m/nofp/libg.a(lib_a-memmove.o)
                              scpi-parser/libscpi.a(parser.o) (memmove)
/usr/lib/gcc/arm-none-eabi/8.3.1/../../../arm-none-eabi/lib/thumb/v6-m/nofp/libg.a(lib_a-mlock.o)
                              /usr/lib/gcc/arm-none-eabi/8.3.1/../../../arm-none-eabi/lib/thumb/v6-m/nofp/libg.a(lib_a-mallocr.o) (__malloc_lock)
/usr/lib/gcc/arm-none-eabi/8.3.1/../../../arm-none-eabi/lib/thumb/v6-m/nofp/libg.a(lib_a-rget.o)
                              /usr/lib/gcc/arm-none-eabi/8.3.1/../../../arm-none-eabi/lib/thumb/v6-m/nofp/libg.a(lib_a-fgetc.o) (__srget_r)
[...]
Memory Configuration

Name             Origin             Length             Attributes
FLASH            0x10000000         0x00200000         xr
RAM              0x20000000         0x00040000         xrw
SCRATCH_X        0x20040000         0x00001000         xrw
SCRATCH_Y        0x20041000         0x00001000         xrw
*default*        0x00000000         0xffffffff

Linker script and memory map

LOAD /usr/lib/gcc/arm-none-eabi/8.3.1/thumb/v6-m/nofp/crti.o
LOAD /usr/lib/gcc/arm-none-eabi/8.3.1/thumb/v6-m/nofp/crtbegin.o
LOAD /usr/lib/gcc/arm-none-eabi/8.3.1/../../../arm-none-eabi/lib/thumb/v6-m/nofp/crt0.o

.flash_begin    0x10000000        0x0
                0x10000000                __flash_binary_start = .

.boot2          0x10000000      0x100
                0x10000000                __boot2_start__ = .
 *(.boot2)
 .boot2         0x10000000      0x100 /tmp/cctmz4tq.o
                0x10000100                __boot2_end__ = .
                0x00000001                ASSERT (((__boot2_end__ - __boot2_start__) == 0x100), ERROR: Pico second stage bootloader must be 256 bytes in size)

.text           0x10000100    0x11b50
                0x10000100                __logical_binary_start = .
 *(.vectors)
 .vectors       0x10000100       0xd4 CMakeFiles/serial_scpi.dir/home/pi/pico/pico-sdk/src/rp2_common/pico_standard_link/crt0.S.obj
                0x10000100                __vectors
                0x10000100                __VECTOR_TABLE
                0x100001c0                isr_invalid
                0x100001c0                __default_isrs_start
                0x100001c2                isr_nmi
                0x100001c4                isr_hardfault
                0x100001c6                isr_svcall
                0x100001c8                isr_pendsv
                0x100001ca                isr_systick
                0x100001cc                isr_irq30
                0x100001cc                __unhandled_user_irq
                0x100001cc                isr_irq13
                0x100001cc                isr_irq27
                0x100001cc                isr_irq31
                0x100001cc                isr_irq5
                0x100001cc                isr_irq11
                0x100001cc                isr_irq23
                0x100001cc                isr_irq18
                0x100001cc                isr_irq28
                0x100001cc                isr_irq19
                0x100001cc                isr_irq0
                0x100001cc                isr_irq6
                0x100001cc                isr_irq22
                0x100001cc                isr_irq17
                0x100001cc                isr_irq14
                0x100001cc                isr_irq2
                0x100001cc                isr_irq10
                0x100001cc                isr_irq8
                0x100001cc                isr_irq24
                0x100001cc                isr_irq1
                0x100001cc                isr_irq7
                0x100001cc                isr_irq21
                0x100001cc                isr_irq20
                0x100001cc                isr_irq15
                0x100001cc                isr_irq25
                0x100001cc                isr_irq4
                0x100001cc                isr_irq16
                0x100001cc                isr_irq29
                0x100001cc                isr_irq26
                0x100001cc                __default_isrs_end
                0x100001cc                isr_irq3
                0x100001cc                isr_irq12
                0x100001cc                isr_irq9
                0x100001d2                unhandled_user_irq_num_in_r0
 *(.binary_info_header)
 .binary_info_header
                0x100001d4       0x14 CMakeFiles/serial_scpi.dir/home/pi/pico/pico-sdk/src/rp2_common/pico_standard_link/crt0.S.obj
                0x100001e8                __binary_info_header_end = .
 *(.reset)
 .reset         0x100001e8       0xa8 CMakeFiles/serial_scpi.dir/home/pi/pico/pico-sdk/src/rp2_common/pico_standard_link/crt0.S.obj
                0x100001e8                _entry_point
                0x10000266                __get_current_exception
 .reset         0x10000290       0x30 CMakeFiles/serial_scpi.dir/home/pi/pico/pico-sdk/src/rp2_common/pico_standard_link/binary_info.c.obj
 *(.init)
 .init          0x100002c0        0x4 /usr/lib/gcc/arm-none-eabi/8.3.1/thumb/v6-m/nofp/crti.o
                0x100002c0                _init
 *(EXCLUDE_FILE(*libm.a: *libc.a:*lib_a-mem*.o *libgcc.a:) .text*)
 .text          0x100002c4       0x98 /usr/lib/gcc/arm-none-eabi/8.3.1/thumb/v6-m/nofp/crtbegin.o
 .text.write_scpi
                0x1000035c       0x18 CMakeFiles/serial_scpi.dir/serial_scpi.c.obj
                0x1000035c                write_scpi
 .text.main     0x10000374       0x7c CMakeFiles/serial_scpi.dir/serial_scpi.c.obj
                0x10000374                main
 .text.gpio_set_function
                0x100003f0       0x30 CMakeFiles/serial_scpi.dir/home/pi/pico/pico-sdk/src/rp2_common/hardware_gpio/gpio.c.obj
                0x100003f0                gpio_set_function
 .text.hw_claim_lock
                0x10000420       0x18 CMakeFiles/serial_scpi.dir/home/pi/pico/pico-sdk/src/rp2_common/hardware_claim/claim.c.obj
                0x10000420                hw_claim_lock
 .text.hw_claim_unlock
                0x10000438       0x14 CMakeFiles/serial_scpi.dir/home/pi/pico/pico-sdk/src/rp2_common/hardware_claim/claim.c.obj
                0x10000438                hw_claim_unlock
 .text.hw_claim_or_assert
                0x1000044c       0x32 CMakeFiles/serial_scpi.dir/home/pi/pico/pico-sdk/src/rp2_common/hardware_claim/claim.c.obj
                0x1000044c                hw_claim_or_assert
 .text.hw_claim_unused_from_range
                0x1000047e       0x50 CMakeFiles/serial_scpi.dir/home/pi/pico/pico-sdk/src/rp2_common/hardware_claim/claim.c.obj
                0x1000047e                hw_claim_unused_from_range
 *fill*         0x100004ce        0x2 
 .text.running_on_fpga
                0x100004d0       0x14 CMakeFiles/serial_scpi.dir/home/pi/pico/pico-sdk/src/rp2_common/pico_platform/platform.c.obj
                0x100004d0                running_on_fpga
 .text.spin_locks_reset
                0x100004e4       0x20 CMakeFiles/serial_scpi.dir/home/pi/pico/pico-sdk/src/rp2_common/hardware_sync/sync.c.obj
                0x100004e4                spin_locks_reset
 .text.next_striped_spin_lock_num
                0x10000504       0x1c CMakeFiles/serial_scpi.dir/home/pi/pico/pico-sdk/src/rp2_common/hardware_sync/sync.c.obj
                0x10000504                next_striped_spin_lock_num
 .text.spin_lock_claim_unused
                0x10000520       0x20 CMakeFiles/serial_scpi.dir/home/pi/pico/pico-sdk/src/rp2_common/hardware_sync/sync.c.obj
                0x10000520                spin_lock_claim_unused
 .text.uart_set_baudrate
                0x10000540       0x5c CMakeFiles/serial_scpi.dir/home/pi/pico/pico-sdk/src/rp2_common/hardware_uart/uart.c.obj
                0x10000540                uart_set_baudrate
 .text.uart_set_translate_crlf
                0x1000059c       0x28 CMakeFiles/serial_scpi.dir/home/pi/pico/pico-sdk/src/rp2_common/hardware_uart/uart.c.obj
                0x1000059c                uart_set_translate_crlf
 .text.uart_init
                0x100005c4       0x80 CMakeFiles/serial_scpi.dir/home/pi/pico/pico-sdk/src/rp2_common/hardware_uart/uart.c.obj
                0x100005c4                uart_init
 .text.sleep_until_callback
                0x10000644       0x30 CMakeFiles/serial_scpi.dir/home/pi/pico/pico-sdk/src/common/pico_time/time.c.obj
 .text.alarm_pool_post_alloc_init
                0x10000674       0x40 CMakeFiles/serial_scpi.dir/home/pi/pico/pico-sdk/src/common/pico_time/time.c.obj
 .text.timer_pool_entry_comparator
                0x100006b4       0x7c CMakeFiles/serial_scpi.dir/home/pi/pico/pico-sdk/src/common/pico_time/time.c.obj
                0x100006b4                timer_pool_entry_comparator
 .text.ph_add_child_node
                0x10000730       0xa4 CMakeFiles/serial_scpi.dir/home/pi/pico/pico-sdk/src/common/pico_time/time.c.obj
 .text.ph_merge_nodes
                0x100007d4       0x3e CMakeFiles/serial_scpi.dir/home/pi/pico/pico-sdk/src/common/pico_time/time.c.obj
 *fill*         0x10000812        0x2 
 .text.add_alarm_under_lock
                0x10000814      0x180 CMakeFiles/serial_scpi.dir/home/pi/pico/pico-sdk/src/common/pico_time/time.c.obj
 .text.alarm_pool_alarm_callback
                0x10000994      0x328 CMakeFiles/serial_scpi.dir/home/pi/pico/pico-sdk/src/common/pico_time/time.c.obj
 .text.alarm_pool_init_default
                0x10000cbc       0x38 CMakeFiles/serial_scpi.dir/home/pi/pico/pico-sdk/src/common/pico_time/time.c.obj
                0x10000cbc                alarm_pool_init_default
 .text.alarm_pool_get_default
                0x10000cf4       0x2c CMakeFiles/serial_scpi.dir/home/pi/pico/pico-sdk/src/common/pico_time/time.c.obj
                0x10000cf4                alarm_pool_get_default
 .text.alarm_pool_add_alarm_at
                0x10000d20      0x154 CMakeFiles/serial_scpi.dir/home/pi/pico/pico-sdk/src/common/pico_time/time.c.obj
                0x10000d20                alarm_pool_add_alarm_at
 .text.alarm_pool_cancel_alarm
                0x10000e74       0xec CMakeFiles/serial_scpi.dir/home/pi/pico/pico-sdk/src/common/pico_time/time.c.obj
                0x10000e74                alarm_pool_cancel_alarm
 .text.best_effort_wfe_or_timeout
                0x10000f60       0x80 CMakeFiles/serial_scpi.dir/home/pi/pico/pico-sdk/src/common/pico_time/time.c.obj
                0x10000f60                best_effort_wfe_or_timeout
 .text.hardware_alarm_irq_handler
                0x10000fe0       0x8c CMakeFiles/serial_scpi.dir/home/pi/pico/pico-sdk/src/rp2_common/hardware_timer/timer.c.obj
 .text.hardware_alarm_claim
                0x1000106c       0x18 CMakeFiles/serial_scpi.dir/home/pi/pico/pico-sdk/src/rp2_common/hardware_timer/timer.c.obj
                0x1000106c                hardware_alarm_claim
 .text.time_us_64
                0x10001084       0x18 CMakeFiles/serial_scpi.dir/home/pi/pico/pico-sdk/src/rp2_common/hardware_timer/timer.c.obj
                0x10001084                time_us_64
 .text.busy_wait_until
                0x1000109c       0x24 CMakeFiles/serial_scpi.dir/home/pi/pico/pico-sdk/src/rp2_common/hardware_timer/timer.c.obj
                0x1000109c                busy_wait_until
 .text.busy_wait_us
                0x100010c0       0x48 CMakeFiles/serial_scpi.dir/home/pi/pico/pico-sdk/src/rp2_common/hardware_timer/timer.c.obj
                0x100010c0                busy_wait_us
 .text.hardware_alarm_set_callback
                0x10001108       0x90 CMakeFiles/serial_scpi.dir/home/pi/pico/pico-sdk/src/rp2_common/hardware_timer/timer.c.obj
                0x10001108                hardware_alarm_set_callback
 .text.hardware_alarm_set_target
                0x10001198       0xe8 CMakeFiles/serial_scpi.dir/home/pi/pico/pico-sdk/src/rp2_common/hardware_timer/timer.c.obj
                0x10001198                hardware_alarm_set_target
 .text.hardware_alarm_cancel
                0x10001280       0x40 CMakeFiles/serial_scpi.dir/home/pi/pico/pico-sdk/src/rp2_common/hardware_timer/timer.c.obj
                0x10001280                hardware_alarm_cancel
 .text.lock_init
                0x100012c0       0x10 CMakeFiles/serial_scpi.dir/home/pi/pico/pico-sdk/src/common/pico_sync/lock_core.c.obj
                0x100012c0                lock_init
 .text.mutex_init
                0x100012d0       0x1a CMakeFiles/serial_scpi.dir/home/pi/pico/pico-sdk/src/common/pico_sync/mutex.c.obj
                0x100012d0                mutex_init
 .text.recursive_mutex_init
                0x100012ea       0x1e CMakeFiles/serial_scpi.dir/home/pi/pico/pico-sdk/src/common/pico_sync/mutex.c.obj
                0x100012ea                recursive_mutex_init
 .text.critical_section_init_with_lock_num
                0x10001308       0x14 CMakeFiles/serial_scpi.dir/home/pi/pico/pico-sdk/src/common/pico_sync/critical_section.c.obj
                0x10001308                critical_section_init_with_lock_num
 .text.critical_section_init
                0x1000131c       0x14 CMakeFiles/serial_scpi.dir/home/pi/pico/pico-sdk/src/common/pico_sync/critical_section.c.obj
                0x1000131c                critical_section_init
 .text.ph_add_child_node
                0x10001330       0xa4 CMakeFiles/serial_scpi.dir/home/pi/pico/pico-sdk/src/common/pico_util/pheap.c.obj
 .text.ph_merge_nodes
                0x100013d4       0x3e CMakeFiles/serial_scpi.dir/home/pi/pico/pico-sdk/src/common/pico_util/pheap.c.obj
 *fill*         0x10001412        0x2 
 .text.ph_clear
                0x10001414       0x70 CMakeFiles/serial_scpi.dir/home/pi/pico/pico-sdk/src/common/pico_util/pheap.c.obj
                0x10001414                ph_clear
 .text.ph_post_alloc_init
                0x10001484        0xe CMakeFiles/serial_scpi.dir/home/pi/pico/pico-sdk/src/common/pico_util/pheap.c.obj
                0x10001484                ph_post_alloc_init
 *fill*         0x10001492        0x2 
 .text.ph_merge_two_pass
                0x10001494       0xac CMakeFiles/serial_scpi.dir/home/pi/pico/pico-sdk/src/common/pico_util/pheap.c.obj
                0x10001494                ph_merge_two_pass
 .text.ph_remove_any_head
                0x10001540      0x108 CMakeFiles/serial_scpi.dir/home/pi/pico/pico-sdk/src/common/pico_util/pheap.c.obj
 .text.ph_remove_head
                0x10001648       0x14 CMakeFiles/serial_scpi.dir/home/pi/pico/pico-sdk/src/common/pico_util/pheap.c.obj
                0x10001648                ph_remove_head
 .text.ph_remove_and_free_node
                0x1000165c       0xf8 CMakeFiles/serial_scpi.dir/home/pi/pico/pico-sdk/src/common/pico_util/pheap.c.obj
                0x1000165c                ph_remove_and_free_node
 .text._exit    0x10001754        0x4 CMakeFiles/serial_scpi.dir/home/pi/pico/pico-sdk/src/rp2_common/pico_runtime/runtime.c.obj
                0x10001754                _exit
 .text._sbrk    0x10001758       0x38 CMakeFiles/serial_scpi.dir/home/pi/pico/pico-sdk/src/rp2_common/pico_runtime/runtime.c.obj
                0x10001758                _sbrk
 .text.exit     0x10001790        0x6 CMakeFiles/serial_scpi.dir/home/pi/pico/pico-sdk/src/rp2_common/pico_runtime/runtime.c.obj
                0x10001790                exit
 *fill*         0x10001796        0x2 
 .text.__assert_func
                0x10001798       0x3c CMakeFiles/serial_scpi.dir/home/pi/pico/pico-sdk/src/rp2_common/pico_runtime/runtime.c.obj
                0x10001798                __assert_func
 .text.runtime_init
                0x100017d4       0xf8 CMakeFiles/serial_scpi.dir/home/pi/pico/pico-sdk/src/rp2_common/pico_runtime/runtime.c.obj
                0x100017d4                runtime_init
 .text.panic    0x100018cc       0x30 CMakeFiles/serial_scpi.dir/home/pi/pico/pico-sdk/src/rp2_common/pico_runtime/runtime.c.obj
                0x100018cc                panic
 .text.clock_configure
                0x100018fc       0xfc CMakeFiles/serial_scpi.dir/home/pi/pico/pico-sdk/src/rp2_common/hardware_clocks/clocks.c.obj
                0x100018fc                clock_configure
 .text.clocks_init
                0x100019f8      0x100 CMakeFiles/serial_scpi.dir/home/pi/pico/pico-sdk/src/rp2_common/hardware_clocks/clocks.c.obj
                0x100019f8                clocks_init
 .text.clock_get_hz
                0x10001af8        0xc CMakeFiles/serial_scpi.dir/home/pi/pico/pico-sdk/src/rp2_common/hardware_clocks/clocks.c.obj
                0x10001af8                clock_get_hz
 .text.set_raw_irq_handler_and_unlock
                0x10001b04       0x28 CMakeFiles/serial_scpi.dir/home/pi/pico/pico-sdk/src/rp2_common/hardware_irq/irq.c.obj
 .text.make_branch
                0x10001b2c       0x34 CMakeFiles/serial_scpi.dir/home/pi/pico/pico-sdk/src/rp2_common/hardware_irq/irq.c.obj
 .text.insert_branch_and_link
                0x10001b60       0x40 CMakeFiles/serial_scpi.dir/home/pi/pico/pico-sdk/src/rp2_common/hardware_irq/irq.c.obj
 .text.irq_is_enabled
                0x10001ba0       0x18 CMakeFiles/serial_scpi.dir/home/pi/pico/pico-sdk/src/rp2_common/hardware_irq/irq.c.obj
                0x10001ba0                irq_is_enabled
 .text.irq_set_mask_enabled
                0x10001bb8       0x20 CMakeFiles/serial_scpi.dir/home/pi/pico/pico-sdk/src/rp2_common/hardware_irq/irq.c.obj
                0x10001bb8                irq_set_mask_enabled
 .text.irq_set_enabled
                0x10001bd8        0xe CMakeFiles/serial_scpi.dir/home/pi/pico/pico-sdk/src/rp2_common/hardware_irq/irq.c.obj
                0x10001bd8                irq_set_enabled
 *fill*         0x10001be6        0x2 
 .text.irq_set_pending
                0x10001be8       0x10 CMakeFiles/serial_scpi.dir/home/pi/pico/pico-sdk/src/rp2_common/hardware_irq/irq.c.obj
                0x10001be8                irq_set_pending
 .text.irq_get_vtable_handler
                0x10001bf8       0x10 CMakeFiles/serial_scpi.dir/home/pi/pico/pico-sdk/src/rp2_common/hardware_irq/irq.c.obj
                0x10001bf8                irq_get_vtable_handler
 .text.irq_set_exclusive_handler
                0x10001c08       0x54 CMakeFiles/serial_scpi.dir/home/pi/pico/pico-sdk/src/rp2_common/hardware_irq/irq.c.obj
                0x10001c08                irq_set_exclusive_handler
 .text.irq_remove_handler
                0x10001c5c      0x1a8 CMakeFiles/serial_scpi.dir/home/pi/pico/pico-sdk/src/rp2_common/hardware_irq/irq.c.obj
                0x10001c5c                irq_remove_handler
 .text.irq_add_tail_to_free_list
                0x10001e04       0xf0 CMakeFiles/serial_scpi.dir/home/pi/pico/pico-sdk/src/rp2_common/hardware_irq/irq.c.obj
                0x10001e04                irq_add_tail_to_free_list
 .text.irq_init_priorities
                0x10001ef4       0x1c CMakeFiles/serial_scpi.dir/home/pi/pico/pico-sdk/src/rp2_common/hardware_irq/irq.c.obj
                0x10001ef4                irq_init_priorities
 .text.pll_init
                0x10001f10      0x114 CMakeFiles/serial_scpi.dir/home/pi/pico/pico-sdk/src/rp2_common/hardware_pll/pll.c.obj
                0x10001f10                pll_init
 .text.watchdog_start_tick
                0x10002024       0x10 CMakeFiles/serial_scpi.dir/home/pi/pico/pico-sdk/src/rp2_common/hardware_watchdog/watchdog.c.obj
                0x10002024                watchdog_start_tick
 .text.watchdog_update
                0x10002034       0x14 CMakeFiles/serial_scpi.dir/home/pi/pico/pico-sdk/src/rp2_common/hardware_watchdog/watchdog.c.obj
                0x10002034                watchdog_update
 .text._watchdog_enable
                0x10002048       0x74 CMakeFiles/serial_scpi.dir/home/pi/pico/pico-sdk/src/rp2_common/hardware_watchdog/watchdog.c.obj
                0x10002048                _watchdog_enable
 .text.watchdog_reboot
                0x100020bc       0x44 CMakeFiles/serial_scpi.dir/home/pi/pico/pico-sdk/src/rp2_common/hardware_watchdog/watchdog.c.obj
                0x100020bc                watchdog_reboot
 .text.xosc_init
                0x10002100       0x28 CMakeFiles/serial_scpi.dir/home/pi/pico/pico-sdk/src/rp2_common/hardware_xosc/xosc.c.obj
                0x10002100                xosc_init
 .text._out_buffer
                0x10002128        0x8 CMakeFiles/serial_scpi.dir/home/pi/pico/pico-sdk/src/rp2_common/pico_printf/printf.c.obj
 .text._out_null
                0x10002130        0x2 CMakeFiles/serial_scpi.dir/home/pi/pico/pico-sdk/src/rp2_common/pico_printf/printf.c.obj
 .text._out_fct
                0x10002132        0xe CMakeFiles/serial_scpi.dir/home/pi/pico/pico-sdk/src/rp2_common/pico_printf/printf.c.obj
 .text._atoi    0x10002140       0x28 CMakeFiles/serial_scpi.dir/home/pi/pico/pico-sdk/src/rp2_common/pico_printf/printf.c.obj
 .text._out_rev
                0x10002168       0x8c CMakeFiles/serial_scpi.dir/home/pi/pico/pico-sdk/src/rp2_common/pico_printf/printf.c.obj
 .text._ntoa_format
                0x100021f4      0x10c CMakeFiles/serial_scpi.dir/home/pi/pico/pico-sdk/src/rp2_common/pico_printf/printf.c.obj
 .text._ntoa_long
                0x10002300       0xb0 CMakeFiles/serial_scpi.dir/home/pi/pico/pico-sdk/src/rp2_common/pico_printf/printf.c.obj
 .text._ntoa_long_long
                0x100023b0       0xe6 CMakeFiles/serial_scpi.dir/home/pi/pico/pico-sdk/src/rp2_common/pico_printf/printf.c.obj
 *fill*         0x10002496        0x2 
 .text._etoa    0x10002498      0x408 CMakeFiles/serial_scpi.dir/home/pi/pico/pico-sdk/src/rp2_common/pico_printf/printf.c.obj
 .text._ftoa    0x100028a0      0x344 CMakeFiles/serial_scpi.dir/home/pi/pico/pico-sdk/src/rp2_common/pico_printf/printf.c.obj
 .text._vsnprintf
                0x10002be4      0x61c CMakeFiles/serial_scpi.dir/home/pi/pico/pico-sdk/src/rp2_common/pico_printf/printf.c.obj
 .text.__wrap_snprintf
                0x10003200       0x28 CMakeFiles/serial_scpi.dir/home/pi/pico/pico-sdk/src/rp2_common/pico_printf/printf.c.obj
                0x10003200                __wrap_snprintf
 .text.vfctprintf
                0x10003228       0x20 CMakeFiles/serial_scpi.dir/home/pi/pico/pico-sdk/src/rp2_common/pico_printf/printf.c.obj
                0x10003228                vfctprintf
 .text          0x10003248       0x10 CMakeFiles/serial_scpi.dir/home/pi/pico/pico-sdk/src/rp2_common/pico_bit_ops/bit_ops_aeabi.S.obj
 .text.rom_func_lookup
                0x10003258       0x10 CMakeFiles/serial_scpi.dir/home/pi/pico/pico-sdk/src/rp2_common/pico_bootrom/bootrom.c.obj
                0x10003258                rom_func_lookup
 .text.rom_data_lookup
                0x10003268       0x10 CMakeFiles/serial_scpi.dir/home/pi/pico/pico-sdk/src/rp2_common/pico_bootrom/bootrom.c.obj
                0x10003268                rom_data_lookup
 .text.rom_funcs_lookup
                0x10003278       0x36 CMakeFiles/serial_scpi.dir/home/pi/pico/pico-sdk/src/rp2_common/pico_bootrom/bootrom.c.obj
                0x10003278                rom_funcs_lookup
 *fill*         0x100032ae        0x2 
 .text.__wrap___aeabi_idiv
                0x100032b0       0x50 CMakeFiles/serial_scpi.dir/home/pi/pico/pico-sdk/src/rp2_common/pico_divider/divider.S.obj
                0x100032b0                __wrap___aeabi_idivmod
                0x100032b0                divmod_s32s32
                0x100032b0                div_s32s32
                0x100032b0                __wrap___aeabi_idiv
                0x100032b8                divmod_s32s32_unsafe
                0x100032e4                divmod_s32s32_savestate
 .text.__wrap___aeabi_uidiv
                0x10003300       0x4c CMakeFiles/serial_scpi.dir/home/pi/pico/pico-sdk/src/rp2_common/pico_divider/divider.S.obj
                0x10003300                __wrap___aeabi_uidiv
                0x10003300                __wrap___aeabi_uidivmod
                0x10003300                div_u32u32
                0x10003300                divmod_u32u32
                0x10003308                divmod_u32u32_unsafe
                0x10003330                divmod_u32u32_savestate
 .text.__wrap___aeabi_ldiv
                0x1000334c      0x434 CMakeFiles/serial_scpi.dir/home/pi/pico/pico-sdk/src/rp2_common/pico_divider/divider.S.obj
                0x1000334c                div_s64s64
                0x1000334c                divmod_s64s64
                0x1000334c                __wrap___aeabi_ldivmod
                0x10003384                div_u64u64
                0x10003384                divmod_u64u64
                0x10003384                __wrap___aeabi_uldivmod
                0x10003394                divmod_u64u64_savestate
                0x100033bc                divmod_s64s64_unsafe
                0x10003444                divmod_u64u64_unsafe
 .text.__wrap___aeabi_darithmetic
                0x10003780       0x80 CMakeFiles/serial_scpi.dir/home/pi/pico/pico-sdk/src/rp2_common/pico_double/double_aeabi.S.obj
                0x10003780                __wrap___aeabi_drsub
                0x10003786                __wrap___aeabi_dsub
                0x10003798                __wrap___aeabi_dadd
                0x100037aa                __wrap___aeabi_ddiv
                0x100037e6                __wrap___aeabi_dmul
 .text.__wrap___aeabi_cdcmple
                0x10003800       0x6c CMakeFiles/serial_scpi.dir/home/pi/pico/pico-sdk/src/rp2_common/pico_double/double_aeabi.S.obj
                0x10003800                __wrap___aeabi_cdrcmple
                0x10003810                __wrap___aeabi_cdcmple
                0x10003810                __wrap___aeabi_cdcmpeq
 .text.__wrap___aeabi_dcmpeq
                0x1000386c       0x10 CMakeFiles/serial_scpi.dir/home/pi/pico/pico-sdk/src/rp2_common/pico_double/double_aeabi.S.obj
                0x1000386c                __wrap___aeabi_dcmpeq
 .text.__wrap___aeabi_dcmplt
                0x1000387c        0xc CMakeFiles/serial_scpi.dir/home/pi/pico/pico-sdk/src/rp2_common/pico_double/double_aeabi.S.obj
                0x1000387c                __wrap___aeabi_dcmplt
 .text.__wrap___aeabi_dcmple
                0x10003888       0x10 CMakeFiles/serial_scpi.dir/home/pi/pico/pico-sdk/src/rp2_common/pico_double/double_aeabi.S.obj
                0x10003888                __wrap___aeabi_dcmple
 .text.__wrap___aeabi_dcmpge
                0x10003898       0x10 CMakeFiles/serial_scpi.dir/home/pi/pico/pico-sdk/src/rp2_common/pico_double/double_aeabi.S.obj
                0x10003898                __wrap___aeabi_dcmpge
 .text.__wrap___aeabi_dcmpgt
                0x100038a8        0xa CMakeFiles/serial_scpi.dir/home/pi/pico/pico-sdk/src/rp2_common/pico_double/double_aeabi.S.obj
                0x100038a8                __wrap___aeabi_dcmpgt
 .text.__wrap___aeabi_dcmpun
                0x100038b2       0x1c CMakeFiles/serial_scpi.dir/home/pi/pico/pico-sdk/src/rp2_common/pico_double/double_aeabi.S.obj
                0x100038b2                __wrap___aeabi_dcmpun
 *fill*         0x100038ce        0x2 
 .text.__wrap___aeabi_i2d
                0x100038d0       0x38 CMakeFiles/serial_scpi.dir/home/pi/pico/pico-sdk/src/rp2_common/pico_double/double_aeabi.S.obj
                0x100038d0                __wrap___aeabi_ui2d
                0x100038d8                __wrap___aeabi_i2d
 .text.__wrap___aeabi_d2iz
                0x10003908       0x48 CMakeFiles/serial_scpi.dir/home/pi/pico/pico-sdk/src/rp2_common/pico_double/double_aeabi.S.obj
                0x10003908                __wrap___aeabi_d2iz
                0x10003908                double2int_z
 .text.__wrap___aeabi_d2uiz
                0x10003950       0x18 CMakeFiles/serial_scpi.dir/home/pi/pico/pico-sdk/src/rp2_common/pico_double/double_aeabi.S.obj
                0x10003950                double2uint
                0x10003950                __wrap___aeabi_d2uiz
 .text.__wrap___aeabi_l2d
                0x10003968       0x18 CMakeFiles/serial_scpi.dir/home/pi/pico/pico-sdk/src/rp2_common/pico_double/double_aeabi.S.obj
                0x10003968                __wrap___aeabi_l2d
 .text.__wrap___aeabi_ul2d
                0x10003980       0x18 CMakeFiles/serial_scpi.dir/home/pi/pico/pico-sdk/src/rp2_common/pico_double/double_aeabi.S.obj
                0x10003980                __wrap___aeabi_ul2d
 .text.__wrap___aeabi_d2lz
                0x10003998       0x26 CMakeFiles/serial_scpi.dir/home/pi/pico/pico-sdk/src/rp2_common/pico_double/double_aeabi.S.obj
                0x10003998                __wrap___aeabi_d2lz
                0x10003998                double2int64_z
 *fill*         0x100039be        0x2 
 .text.double2int64
                0x100039c0       0x18 CMakeFiles/serial_scpi.dir/home/pi/pico/pico-sdk/src/rp2_common/pico_double/double_aeabi.S.obj
                0x100039c0                double2int64
 .text.double2ufix64
                0x100039d8       0x18 CMakeFiles/serial_scpi.dir/home/pi/pico/pico-sdk/src/rp2_common/pico_double/double_aeabi.S.obj
                0x100039d8                double2ufix64
 .text.__wrap___aeabi_d2f
                0x100039f0       0x18 CMakeFiles/serial_scpi.dir/home/pi/pico/pico-sdk/src/rp2_common/pico_double/double_aeabi.S.obj
                0x100039f0                __wrap___aeabi_d2f
 .text.__aeabi_double_init
                0x10003a08       0xc8 CMakeFiles/serial_scpi.dir/home/pi/pico/pico-sdk/src/rp2_common/pico_double/double_init_rom.c.obj
                0x10003a08                __aeabi_double_init
 .text.double_table_shim_on_use_helper
                0x10003ad0       0x34 CMakeFiles/serial_scpi.dir/home/pi/pico/pico-sdk/src/rp2_common/pico_double/double_v1_rom_shim.S.obj
                0x10003ad0                double_table_shim_on_use_helper
 .text.__wrap___aeabi_dsub
                0x10003b04       0x10 CMakeFiles/serial_scpi.dir/home/pi/pico/pico-sdk/src/rp2_common/pico_double/double_v1_rom_shim.S.obj
                0x10003b04                drsub_shim
                0x10003b0a                dsub_shim
 .text.dadd_shim
                0x10003b14      0x15c CMakeFiles/serial_scpi.dir/home/pi/pico/pico-sdk/src/rp2_common/pico_double/double_v1_rom_shim.S.obj
                0x10003b14                dadd_shim
 .text.dmul_shim
                0x10003c70      0x15c CMakeFiles/serial_scpi.dir/home/pi/pico/pico-sdk/src/rp2_common/pico_double/double_v1_rom_shim.S.obj
                0x10003c70                dmul_shim
 .text.ddiv_shim
                0x10003dcc      0x1b0 CMakeFiles/serial_scpi.dir/home/pi/pico/pico-sdk/src/rp2_common/pico_double/double_v1_rom_shim.S.obj
                0x10003dcc                ddiv_shim
 .text.double2uint_shim
                0x10003f7c        0xe CMakeFiles/serial_scpi.dir/home/pi/pico/pico-sdk/src/rp2_common/pico_double/double_v1_rom_shim.S.obj
                0x10003f7c                double2uint_shim
                0x10003f7e                double2ufix_shim
 .text.double2int64_shim
                0x10003f8a       0x1a CMakeFiles/serial_scpi.dir/home/pi/pico/pico-sdk/src/rp2_common/pico_double/double_v1_rom_shim.S.obj
                0x10003f8a                double2int64_shim
                0x10003f8c                double2fix64_shim
 .text.double2uint64_shim
                0x10003fa4       0x70 CMakeFiles/serial_scpi.dir/home/pi/pico/pico-sdk/src/rp2_common/pico_double/double_v1_rom_shim.S.obj
                0x10003fa4                double2uint64_shim
                0x10003fa6                double2ufix64_shim
                0x10003fc6                d2fix_a
 .text.double2float_shim
                0x10004014       0x5c CMakeFiles/serial_scpi.dir/home/pi/pico/pico-sdk/src/rp2_common/pico_double/double_v1_rom_shim.S.obj
                0x10004014                double2float_shim
 .text.x2double_shims
                0x10004070       0x90 CMakeFiles/serial_scpi.dir/home/pi/pico/pico-sdk/src/rp2_common/pico_double/double_v1_rom_shim.S.obj
                0x10004070                uint2double_shim
                0x10004072                ufix2double_shim
                0x10004078                int2double_shim
                0x1000407a                fix2double_shim
                0x10004080                uint642double_shim
                0x10004082                ufix642double_shim
                0x10004088                int642double_shim
                0x1000408a                fix642double_shim
 .text.dunpacks
                0x10004100       0x3c CMakeFiles/serial_scpi.dir/home/pi/pico/pico-sdk/src/rp2_common/pico_double/double_v1_rom_shim.S.obj
                0x10004100                dunpacks
 .text.__aeabi_lmul
                0x1000413c       0x32 CMakeFiles/serial_scpi.dir/home/pi/pico/pico-sdk/src/rp2_common/pico_int64_ops/pico_int64_ops_aeabi.S.obj
                0x1000413c                __wrap___aeabi_lmul
 *fill*         0x1000416e        0x2 
 .text.__wrap___aeabi_cfcmple
                0x10004170       0x50 CMakeFiles/serial_scpi.dir/home/pi/pico/pico-sdk/src/rp2_common/pico_float/float_aeabi.S.obj
                0x10004170                __wrap___aeabi_cfrcmple
                0x1000417c                __wrap___aeabi_cfcmpeq
                0x1000417c                __wrap___aeabi_cfcmple
 .text.__wrap___aeabi_fcmple
                0x100041c0       0x10 CMakeFiles/serial_scpi.dir/home/pi/pico/pico-sdk/src/rp2_common/pico_float/float_aeabi.S.obj
                0x100041c0                __wrap___aeabi_fcmple
 .text.__wrap___aeabi_fcmpun
                0x100041d0       0x18 CMakeFiles/serial_scpi.dir/home/pi/pico/pico-sdk/src/rp2_common/pico_float/float_aeabi.S.obj
                0x100041d0                __wrap___aeabi_fcmpun
 .text.__wrap___aeabi_ui2f
                0x100041e8        0xa CMakeFiles/serial_scpi.dir/home/pi/pico/pico-sdk/src/rp2_common/pico_float/float_aeabi.S.obj
                0x100041e8                __wrap___aeabi_ui2f
 *fill*         0x100041f2        0x2 
 .text.__wrap___aeabi_i2f
                0x100041f4       0x44 CMakeFiles/serial_scpi.dir/home/pi/pico/pico-sdk/src/rp2_common/pico_float/float_aeabi.S.obj
                0x100041f4                __wrap___aeabi_i2f
 .text.__wrap___aeabi_f2d
                0x10004238       0x14 CMakeFiles/serial_scpi.dir/home/pi/pico/pico-sdk/src/rp2_common/pico_float/float_aeabi.S.obj
                0x10004238                __wrap___aeabi_f2d
 .text.__aeabi_float_init
                0x1000424c       0xfc CMakeFiles/serial_scpi.dir/home/pi/pico/pico-sdk/src/rp2_common/pico_float/float_init_rom.c.obj
                0x1000424c                __aeabi_float_init
 .text.float_table_shim_on_use_helper
                0x10004348       0x34 CMakeFiles/serial_scpi.dir/home/pi/pico/pico-sdk/src/rp2_common/pico_float/float_v1_rom_shim.S.obj
                0x10004348                float_table_shim_on_use_helper
 .text.float2double_shim
                0x1000437c       0x30 CMakeFiles/serial_scpi.dir/home/pi/pico/pico-sdk/src/rp2_common/pico_float/float_v1_rom_shim.S.obj
                0x1000437c                float2double_shim
 .text          0x100043ac       0x10 CMakeFiles/serial_scpi.dir/home/pi/pico/pico-sdk/src/rp2_common/pico_mem_ops/mem_ops_aeabi.S.obj
                0x100043ac                __aeabi_mem_init
 .text.memset   0x100043bc        0xc CMakeFiles/serial_scpi.dir/home/pi/pico/pico-sdk/src/rp2_common/pico_mem_ops/mem_ops_aeabi.S.obj
                0x100043bc                __wrap_memset
 .text.memcpy   0x100043c8        0xc CMakeFiles/serial_scpi.dir/home/pi/pico/pico-sdk/src/rp2_common/pico_mem_ops/mem_ops_aeabi.S.obj
                0x100043c8                __wrap___aeabi_memcpy
                0x100043c8                __wrap_memcpy
 .text.stdio_out_chars_no_crlf
                0x100043d4        0xe CMakeFiles/serial_scpi.dir/home/pi/pico/pico-sdk/src/rp2_common/pico_stdio/stdio.c.obj
 *fill*         0x100043e2        0x2 
 .text.stdio_out_chars_crlf
                0x100043e4       0x80 CMakeFiles/serial_scpi.dir/home/pi/pico/pico-sdk/src/rp2_common/pico_stdio/stdio.c.obj
 .text.stdio_stack_buffer_flush
                0x10004464       0x44 CMakeFiles/serial_scpi.dir/home/pi/pico/pico-sdk/src/rp2_common/pico_stdio/stdio.c.obj
 .text.stdio_buffered_printer
                0x100044a8       0x20 CMakeFiles/serial_scpi.dir/home/pi/pico/pico-sdk/src/rp2_common/pico_stdio/stdio.c.obj
 .text.stdio_get_until
                0x100044c8       0x7c CMakeFiles/serial_scpi.dir/home/pi/pico/pico-sdk/src/rp2_common/pico_stdio/stdio.c.obj
 .text.stdout_serialize_begin
                0x10004544       0x30 CMakeFiles/serial_scpi.dir/home/pi/pico/pico-sdk/src/rp2_common/pico_stdio/stdio.c.obj
                0x10004544                stdout_serialize_begin
 .text.stdout_serialize_end
                0x10004574       0x10 CMakeFiles/serial_scpi.dir/home/pi/pico/pico-sdk/src/rp2_common/pico_stdio/stdio.c.obj
                0x10004574                stdout_serialize_end
 .text.stdio_put_string
                0x10004584       0x94 CMakeFiles/serial_scpi.dir/home/pi/pico/pico-sdk/src/rp2_common/pico_stdio/stdio.c.obj
 .text._read    0x10004618       0x24 CMakeFiles/serial_scpi.dir/home/pi/pico/pico-sdk/src/rp2_common/pico_stdio/stdio.c.obj
                0x10004618                _read
 .text._write   0x1000463c       0x20 CMakeFiles/serial_scpi.dir/home/pi/pico/pico-sdk/src/rp2_common/pico_stdio/stdio.c.obj
                0x1000463c                _write
 .text.stdio_set_driver_enabled
                0x1000465c       0x38 CMakeFiles/serial_scpi.dir/home/pi/pico/pico-sdk/src/rp2_common/pico_stdio/stdio.c.obj
                0x1000465c                stdio_set_driver_enabled
 .text.stdio_flush
                0x10004694       0x20 CMakeFiles/serial_scpi.dir/home/pi/pico/pico-sdk/src/rp2_common/pico_stdio/stdio.c.obj
                0x10004694                stdio_flush
 .text.__wrap_puts
                0x100046b4       0x1e CMakeFiles/serial_scpi.dir/home/pi/pico/pico-sdk/src/rp2_common/pico_stdio/stdio.c.obj
                0x100046b4                __wrap_puts
 *fill*         0x100046d2        0x2 
 .text.__wrap_vprintf
                0x100046d4       0x44 CMakeFiles/serial_scpi.dir/home/pi/pico/pico-sdk/src/rp2_common/pico_stdio/stdio.c.obj
                0x100046d4                __wrap_vprintf
 .text.__wrap_printf
                0x10004718       0x18 CMakeFiles/serial_scpi.dir/home/pi/pico/pico-sdk/src/rp2_common/pico_stdio/stdio.c.obj
                0x10004718                __wrap_printf
 .text.stdio_init_all
                0x10004730        0xc CMakeFiles/serial_scpi.dir/home/pi/pico/pico-sdk/src/rp2_common/pico_stdio/stdio.c.obj
                0x10004730                stdio_init_all
 .text.stdio_uart_out_chars
                0x1000473c       0x74 CMakeFiles/serial_scpi.dir/home/pi/pico/pico-sdk/src/rp2_common/pico_stdio_uart/stdio_uart.c.obj
 .text.stdio_uart_in_chars
                0x100047b0       0x54 CMakeFiles/serial_scpi.dir/home/pi/pico/pico-sdk/src/rp2_common/pico_stdio_uart/stdio_uart.c.obj
                0x100047b0                stdio_uart_in_chars
 .text.stdio_uart_init_full
                0x10004804       0x3c CMakeFiles/serial_scpi.dir/home/pi/pico/pico-sdk/src/rp2_common/pico_stdio_uart/stdio_uart.c.obj
                0x10004804                stdio_uart_init_full
 .text.stdio_uart_init
                0x10004840       0x28 CMakeFiles/serial_scpi.dir/home/pi/pico/pico-sdk/src/rp2_common/pico_stdio_uart/stdio_uart.c.obj
                0x10004840                stdio_uart_init
 .text.resetd_init
                0x10004868        0x2 CMakeFiles/serial_scpi.dir/home/pi/pico/pico-sdk/src/rp2_common/pico_stdio_usb/reset_interface.c.obj
 *fill*         0x1000486a        0x2 
 .text.resetd_reset
                0x1000486c        0xc CMakeFiles/serial_scpi.dir/home/pi/pico/pico-sdk/src/rp2_common/pico_stdio_usb/reset_interface.c.obj
 .text.resetd_open
                0x10004878       0x34 CMakeFiles/serial_scpi.dir/home/pi/pico/pico-sdk/src/rp2_common/pico_stdio_usb/reset_interface.c.obj
 .text.resetd_xfer_cb
                0x100048ac        0x4 CMakeFiles/serial_scpi.dir/home/pi/pico/pico-sdk/src/rp2_common/pico_stdio_usb/reset_interface.c.obj
 .text.resetd_control_xfer_cb
                0x100048b0       0x6c CMakeFiles/serial_scpi.dir/home/pi/pico/pico-sdk/src/rp2_common/pico_stdio_usb/reset_interface.c.obj
 .text.usbd_app_driver_get_cb
                0x1000491c        0xc CMakeFiles/serial_scpi.dir/home/pi/pico/pico-sdk/src/rp2_common/pico_stdio_usb/reset_interface.c.obj
                0x1000491c                usbd_app_driver_get_cb
 .text.tud_cdc_line_coding_cb
                0x10004928       0x34 CMakeFiles/serial_scpi.dir/home/pi/pico/pico-sdk/src/rp2_common/pico_stdio_usb/reset_interface.c.obj
                0x10004928                tud_cdc_line_coding_cb
 .text.stdio_usb_in_chars
                0x1000495c       0x70 CMakeFiles/serial_scpi.dir/home/pi/pico/pico-sdk/src/rp2_common/pico_stdio_usb/stdio_usb.c.obj
                0x1000495c                stdio_usb_in_chars
 .text.low_priority_worker_irq
                0x100049cc       0x20 CMakeFiles/serial_scpi.dir/home/pi/pico/pico-sdk/src/rp2_common/pico_stdio_usb/stdio_usb.c.obj
 .text.stdio_usb_out_chars
                0x100049ec       0xd4 CMakeFiles/serial_scpi.dir/home/pi/pico/pico-sdk/src/rp2_common/pico_stdio_usb/stdio_usb.c.obj
 .text.timer_task
                0x10004ac0       0x10 CMakeFiles/serial_scpi.dir/home/pi/pico/pico-sdk/src/rp2_common/pico_stdio_usb/stdio_usb.c.obj
 .text.stdio_usb_init
                0x10004ad0       0xb4 CMakeFiles/serial_scpi.dir/home/pi/pico/pico-sdk/src/rp2_common/pico_stdio_usb/stdio_usb.c.obj
                0x10004ad0                stdio_usb_init
 .text.tud_descriptor_device_cb
                0x10004b84        0x8 CMakeFiles/serial_scpi.dir/home/pi/pico/pico-sdk/src/rp2_common/pico_stdio_usb/stdio_usb_descriptors.c.obj
                0x10004b84                tud_descriptor_device_cb
 .text.tud_descriptor_configuration_cb
                0x10004b8c        0x8 CMakeFiles/serial_scpi.dir/home/pi/pico/pico-sdk/src/rp2_common/pico_stdio_usb/stdio_usb_descriptors.c.obj
                0x10004b8c                tud_descriptor_configuration_cb
 .text.tud_descriptor_string_cb
                0x10004b94       0x6c CMakeFiles/serial_scpi.dir/home/pi/pico/pico-sdk/src/rp2_common/pico_stdio_usb/stdio_usb_descriptors.c.obj
                0x10004b94                tud_descriptor_string_cb
 .text.hw_endpoint_get_by_addr
                0x10004c00       0x18 CMakeFiles/serial_scpi.dir/home/pi/pico/pico-sdk/lib/tinyusb/src/portable/raspberrypi/rp2040/dcd_rp2040.c.obj
 .text.reset_ep0_pid
                0x10004c18       0x28 CMakeFiles/serial_scpi.dir/home/pi/pico/pico-sdk/lib/tinyusb/src/portable/raspberrypi/rp2040/dcd_rp2040.c.obj
 .text._hw_endpoint_alloc
                0x10004c40       0x70 CMakeFiles/serial_scpi.dir/home/pi/pico/pico-sdk/lib/tinyusb/src/portable/raspberrypi/rp2040/dcd_rp2040.c.obj
 .text.hw_endpoint_init
                0x10004cb0       0x88 CMakeFiles/serial_scpi.dir/home/pi/pico/pico-sdk/lib/tinyusb/src/portable/raspberrypi/rp2040/dcd_rp2040.c.obj
 .text.reset_non_control_endpoints
                0x10004d38       0x40 CMakeFiles/serial_scpi.dir/home/pi/pico/pico-sdk/lib/tinyusb/src/portable/raspberrypi/rp2040/dcd_rp2040.c.obj
 .text.hw_handle_buff_status
                0x10004d78       0x8c CMakeFiles/serial_scpi.dir/home/pi/pico/pico-sdk/lib/tinyusb/src/portable/raspberrypi/rp2040/dcd_rp2040.c.obj
 .text.dcd_rp2040_irq
                0x10004e04       0xbc CMakeFiles/serial_scpi.dir/home/pi/pico/pico-sdk/lib/tinyusb/src/portable/raspberrypi/rp2040/dcd_rp2040.c.obj
 .text.hw_endpoint_xfer
                0x10004ec0       0x14 CMakeFiles/serial_scpi.dir/home/pi/pico/pico-sdk/lib/tinyusb/src/portable/raspberrypi/rp2040/dcd_rp2040.c.obj
 .text.dcd_int_enable
                0x10004ed4       0x2c CMakeFiles/serial_scpi.dir/home/pi/pico/pico-sdk/lib/tinyusb/src/portable/raspberrypi/rp2040/dcd_rp2040.c.obj
                0x10004ed4                dcd_int_enable
 .text.dcd_set_address
                0x10004f00       0x2c CMakeFiles/serial_scpi.dir/home/pi/pico/pico-sdk/lib/tinyusb/src/portable/raspberrypi/rp2040/dcd_rp2040.c.obj
                0x10004f00                dcd_set_address
 .text.dcd_connect
                0x10004f2c       0x10 CMakeFiles/serial_scpi.dir/home/pi/pico/pico-sdk/lib/tinyusb/src/portable/raspberrypi/rp2040/dcd_rp2040.c.obj
                0x10004f2c                dcd_connect
 .text.dcd_init
                0x10004f3c       0x7c CMakeFiles/serial_scpi.dir/home/pi/pico/pico-sdk/lib/tinyusb/src/portable/raspberrypi/rp2040/dcd_rp2040.c.obj
                0x10004f3c                dcd_init
 .text.dcd_edpt0_status_complete
                0x10004fb8       0x1c CMakeFiles/serial_scpi.dir/home/pi/pico/pico-sdk/lib/tinyusb/src/portable/raspberrypi/rp2040/dcd_rp2040.c.obj
                0x10004fb8                dcd_edpt0_status_complete
 .text.dcd_edpt_open
                0x10004fd4       0x40 CMakeFiles/serial_scpi.dir/home/pi/pico/pico-sdk/lib/tinyusb/src/portable/raspberrypi/rp2040/dcd_rp2040.c.obj
                0x10004fd4                dcd_edpt_open
 .text.dcd_edpt_close_all
                0x10005014        0x8 CMakeFiles/serial_scpi.dir/home/pi/pico/pico-sdk/lib/tinyusb/src/portable/raspberrypi/rp2040/dcd_rp2040.c.obj
                0x10005014                dcd_edpt_close_all
 .text.dcd_edpt_xfer
                0x1000501c       0x30 CMakeFiles/serial_scpi.dir/home/pi/pico/pico-sdk/lib/tinyusb/src/portable/raspberrypi/rp2040/dcd_rp2040.c.obj
                0x1000501c                dcd_edpt_xfer
 .text.dcd_edpt_stall
                0x1000504c       0x2c CMakeFiles/serial_scpi.dir/home/pi/pico/pico-sdk/lib/tinyusb/src/portable/raspberrypi/rp2040/dcd_rp2040.c.obj
                0x1000504c                dcd_edpt_stall
 .text.dcd_edpt_clear_stall
                0x10005078       0x20 CMakeFiles/serial_scpi.dir/home/pi/pico/pico-sdk/lib/tinyusb/src/portable/raspberrypi/rp2040/dcd_rp2040.c.obj
                0x10005078                dcd_edpt_clear_stall
 .text.prepare_ep_buffer
                0x10005098       0x70 CMakeFiles/serial_scpi.dir/home/pi/pico/pico-sdk/lib/tinyusb/src/portable/raspberrypi/rp2040/rp2040_usb.c.obj
 .text.sync_ep_buffer
                0x10005108       0x7c CMakeFiles/serial_scpi.dir/home/pi/pico/pico-sdk/lib/tinyusb/src/portable/raspberrypi/rp2040/rp2040_usb.c.obj
 .text._hw_endpoint_xfer_sync
                0x10005184       0x28 CMakeFiles/serial_scpi.dir/home/pi/pico/pico-sdk/lib/tinyusb/src/portable/raspberrypi/rp2040/rp2040_usb.c.obj
 .text.rp2040_usb_init
                0x100051ac       0x4c CMakeFiles/serial_scpi.dir/home/pi/pico/pico-sdk/lib/tinyusb/src/portable/raspberrypi/rp2040/rp2040_usb.c.obj
                0x100051ac                rp2040_usb_init
 .text.hw_endpoint_reset_transfer
                0x100051f8        0xc CMakeFiles/serial_scpi.dir/home/pi/pico/pico-sdk/lib/tinyusb/src/portable/raspberrypi/rp2040/rp2040_usb.c.obj
                0x100051f8                hw_endpoint_reset_transfer
 .text._hw_endpoint_buffer_control_update32
                0x10005204       0x58 CMakeFiles/serial_scpi.dir/home/pi/pico/pico-sdk/lib/tinyusb/src/portable/raspberrypi/rp2040/rp2040_usb.c.obj
                0x10005204                _hw_endpoint_buffer_control_update32
 .text._hw_endpoint_start_next_buffer
                0x1000525c       0x74 CMakeFiles/serial_scpi.dir/home/pi/pico/pico-sdk/lib/tinyusb/src/portable/raspberrypi/rp2040/rp2040_usb.c.obj
 .text.hw_endpoint_xfer_start
                0x100052d0       0x48 CMakeFiles/serial_scpi.dir/home/pi/pico/pico-sdk/lib/tinyusb/src/portable/raspberrypi/rp2040/rp2040_usb.c.obj
                0x100052d0                hw_endpoint_xfer_start
 .text.hw_endpoint_xfer_continue
                0x10005318       0x38 CMakeFiles/serial_scpi.dir/home/pi/pico/pico-sdk/lib/tinyusb/src/portable/raspberrypi/rp2040/rp2040_usb.c.obj
                0x10005318                hw_endpoint_xfer_continue
 .text.configuration_reset
                0x10005350       0x84 CMakeFiles/serial_scpi.dir/home/pi/pico/pico-sdk/lib/tinyusb/src/device/usbd.c.obj
 .text.usbd_reset
                0x100053d4        0xc CMakeFiles/serial_scpi.dir/home/pi/pico/pico-sdk/lib/tinyusb/src/device/usbd.c.obj
 .text.invoke_class_control
                0x100053e0       0x1a CMakeFiles/serial_scpi.dir/home/pi/pico/pico-sdk/lib/tinyusb/src/device/usbd.c.obj
 *fill*         0x100053fa        0x2 
 .text.process_set_config
                0x100053fc      0x1a8 CMakeFiles/serial_scpi.dir/home/pi/pico/pico-sdk/lib/tinyusb/src/device/usbd.c.obj
 .text.process_get_descriptor
                0x100055a4       0xf8 CMakeFiles/serial_scpi.dir/home/pi/pico/pico-sdk/lib/tinyusb/src/device/usbd.c.obj
 .text.tud_mounted
                0x1000569c       0x10 CMakeFiles/serial_scpi.dir/home/pi/pico/pico-sdk/lib/tinyusb/src/device/usbd.c.obj
                0x1000569c                tud_mounted
 .text.tud_suspended
                0x100056ac       0x10 CMakeFiles/serial_scpi.dir/home/pi/pico/pico-sdk/lib/tinyusb/src/device/usbd.c.obj
                0x100056ac                tud_suspended
 .text.tud_inited
                0x100056bc        0xc CMakeFiles/serial_scpi.dir/home/pi/pico/pico-sdk/lib/tinyusb/src/device/usbd.c.obj
                0x100056bc                tud_inited
 .text.tud_init
                0x100056c8       0xcc CMakeFiles/serial_scpi.dir/home/pi/pico/pico-sdk/lib/tinyusb/src/device/usbd.c.obj
                0x100056c8                tud_init
 .text.dcd_event_handler
                0x10005794      0x1e0 CMakeFiles/serial_scpi.dir/home/pi/pico/pico-sdk/lib/tinyusb/src/device/usbd.c.obj
                0x10005794                dcd_event_handler
 .text.dcd_event_bus_signal
                0x10005974       0x28 CMakeFiles/serial_scpi.dir/home/pi/pico/pico-sdk/lib/tinyusb/src/device/usbd.c.obj
                0x10005974                dcd_event_bus_signal
 .text.dcd_event_bus_reset
                0x1000599c       0x2c CMakeFiles/serial_scpi.dir/home/pi/pico/pico-sdk/lib/tinyusb/src/device/usbd.c.obj
                0x1000599c                dcd_event_bus_reset
 .text.dcd_event_setup_received
                0x100059c8       0x34 CMakeFiles/serial_scpi.dir/home/pi/pico/pico-sdk/lib/tinyusb/src/device/usbd.c.obj
                0x100059c8                dcd_event_setup_received
 .text.dcd_event_xfer_complete
                0x100059fc       0x46 CMakeFiles/serial_scpi.dir/home/pi/pico/pico-sdk/lib/tinyusb/src/device/usbd.c.obj
                0x100059fc                dcd_event_xfer_complete
 *fill*         0x10005a42        0x2 
 .text.usbd_edpt_open
                0x10005a44       0x58 CMakeFiles/serial_scpi.dir/home/pi/pico/pico-sdk/lib/tinyusb/src/device/usbd.c.obj
                0x10005a44                usbd_edpt_open
 .text.usbd_open_edpt_pair
                0x10005a9c       0x8c CMakeFiles/serial_scpi.dir/home/pi/pico/pico-sdk/lib/tinyusb/src/device/usbd.c.obj
                0x10005a9c                usbd_open_edpt_pair
 .text.usbd_edpt_claim
                0x10005b28       0x88 CMakeFiles/serial_scpi.dir/home/pi/pico/pico-sdk/lib/tinyusb/src/device/usbd.c.obj
                0x10005b28                usbd_edpt_claim
 .text.usbd_edpt_release
                0x10005bb0       0x68 CMakeFiles/serial_scpi.dir/home/pi/pico/pico-sdk/lib/tinyusb/src/device/usbd.c.obj
                0x10005bb0                usbd_edpt_release
 .text.usbd_edpt_xfer
                0x10005c18       0x80 CMakeFiles/serial_scpi.dir/home/pi/pico/pico-sdk/lib/tinyusb/src/device/usbd.c.obj
                0x10005c18                usbd_edpt_xfer
 .text.usbd_edpt_stall
                0x10005c98       0x40 CMakeFiles/serial_scpi.dir/home/pi/pico/pico-sdk/lib/tinyusb/src/device/usbd.c.obj
                0x10005c98                usbd_edpt_stall
 .text.usbd_edpt_clear_stall
                0x10005cd8       0x40 CMakeFiles/serial_scpi.dir/home/pi/pico/pico-sdk/lib/tinyusb/src/device/usbd.c.obj
                0x10005cd8                usbd_edpt_clear_stall
 .text.usbd_edpt_stalled
                0x10005d18       0x1c CMakeFiles/serial_scpi.dir/home/pi/pico/pico-sdk/lib/tinyusb/src/device/usbd.c.obj
                0x10005d18                usbd_edpt_stalled
 .text.process_control_request
                0x10005d34      0x3bc CMakeFiles/serial_scpi.dir/home/pi/pico/pico-sdk/lib/tinyusb/src/device/usbd.c.obj
 .text.tud_task
                0x100060f0      0x218 CMakeFiles/serial_scpi.dir/home/pi/pico/pico-sdk/lib/tinyusb/src/device/usbd.c.obj
                0x100060f0                tud_task
 .text._data_stage_xact
                0x10006308       0x58 CMakeFiles/serial_scpi.dir/home/pi/pico/pico-sdk/lib/tinyusb/src/device/usbd_control.c.obj
 .text.tud_control_status
                0x10006360       0x38 CMakeFiles/serial_scpi.dir/home/pi/pico/pico-sdk/lib/tinyusb/src/device/usbd_control.c.obj
                0x10006360                tud_control_status
 .text.tud_control_xfer
                0x10006398       0xa4 CMakeFiles/serial_scpi.dir/home/pi/pico/pico-sdk/lib/tinyusb/src/device/usbd_control.c.obj
                0x10006398                tud_control_xfer
 .text.usbd_control_reset
                0x1000643c       0x14 CMakeFiles/serial_scpi.dir/home/pi/pico/pico-sdk/lib/tinyusb/src/device/usbd_control.c.obj
                0x1000643c                usbd_control_reset
 .text.usbd_control_set_complete_callback
                0x10006450        0xc CMakeFiles/serial_scpi.dir/home/pi/pico/pico-sdk/lib/tinyusb/src/device/usbd_control.c.obj
                0x10006450                usbd_control_set_complete_callback
 .text.usbd_control_set_request
                0x1000645c       0x1c CMakeFiles/serial_scpi.dir/home/pi/pico/pico-sdk/lib/tinyusb/src/device/usbd_control.c.obj
                0x1000645c                usbd_control_set_request
 .text.usbd_control_xfer_cb
                0x10006478       0xfc CMakeFiles/serial_scpi.dir/home/pi/pico/pico-sdk/lib/tinyusb/src/device/usbd_control.c.obj
                0x10006478                usbd_control_xfer_cb
 .text._prep_out_transaction
                0x10006574       0x46 CMakeFiles/serial_scpi.dir/home/pi/pico/pico-sdk/lib/tinyusb/src/class/cdc/cdc_device.c.obj
 *fill*         0x100065ba        0x2 
 .text.tud_cdc_n_connected
                0x100065bc       0x44 CMakeFiles/serial_scpi.dir/home/pi/pico/pico-sdk/lib/tinyusb/src/class/cdc/cdc_device.c.obj
                0x100065bc                tud_cdc_n_connected
 .text.tud_cdc_n_available
                0x10006600       0x18 CMakeFiles/serial_scpi.dir/home/pi/pico/pico-sdk/lib/tinyusb/src/class/cdc/cdc_device.c.obj
                0x10006600                tud_cdc_n_available
 .text.tud_cdc_n_read
                0x10006618       0x28 CMakeFiles/serial_scpi.dir/home/pi/pico/pico-sdk/lib/tinyusb/src/class/cdc/cdc_device.c.obj
                0x10006618                tud_cdc_n_read
 .text.tud_cdc_n_write_flush
                0x10006640       0xcc CMakeFiles/serial_scpi.dir/home/pi/pico/pico-sdk/lib/tinyusb/src/class/cdc/cdc_device.c.obj
                0x10006640                tud_cdc_n_write_flush
 .text.tud_cdc_n_write
                0x1000670c       0x38 CMakeFiles/serial_scpi.dir/home/pi/pico/pico-sdk/lib/tinyusb/src/class/cdc/cdc_device.c.obj
                0x1000670c                tud_cdc_n_write
 .text.tud_cdc_n_write_available
                0x10006744       0x1c CMakeFiles/serial_scpi.dir/home/pi/pico/pico-sdk/lib/tinyusb/src/class/cdc/cdc_device.c.obj
                0x10006744                tud_cdc_n_write_available
 .text.cdcd_init
                0x10006760       0xb8 CMakeFiles/serial_scpi.dir/home/pi/pico/pico-sdk/lib/tinyusb/src/class/cdc/cdc_device.c.obj
                0x10006760                cdcd_init
 .text.cdcd_reset
                0x10006818       0x44 CMakeFiles/serial_scpi.dir/home/pi/pico/pico-sdk/lib/tinyusb/src/class/cdc/cdc_device.c.obj
                0x10006818                cdcd_reset
 .text.cdcd_open
                0x1000685c       0xf8 CMakeFiles/serial_scpi.dir/home/pi/pico/pico-sdk/lib/tinyusb/src/class/cdc/cdc_device.c.obj
                0x1000685c                cdcd_open
 .text.cdcd_control_xfer_cb
                0x10006954      0x134 CMakeFiles/serial_scpi.dir/home/pi/pico/pico-sdk/lib/tinyusb/src/class/cdc/cdc_device.c.obj
                0x10006954                cdcd_control_xfer_cb
 .text.cdcd_xfer_cb
                0x10006a88      0x13c CMakeFiles/serial_scpi.dir/home/pi/pico/pico-sdk/lib/tinyusb/src/class/cdc/cdc_device.c.obj
                0x10006a88                cdcd_xfer_cb
 .text.tusb_init
                0x10006bc4       0x24 CMakeFiles/serial_scpi.dir/home/pi/pico/pico-sdk/lib/tinyusb/src/tusb.c.obj
                0x10006bc4                tusb_init
 .text.tusb_inited
                0x10006be8        0xe CMakeFiles/serial_scpi.dir/home/pi/pico/pico-sdk/lib/tinyusb/src/tusb.c.obj
                0x10006be8                tusb_inited
 *fill*         0x10006bf6        0x2 
 .text.tu_edpt_validate
                0x10006bf8       0xa8 CMakeFiles/serial_scpi.dir/home/pi/pico/pico-sdk/lib/tinyusb/src/tusb.c.obj
                0x10006bf8                tu_edpt_validate
 .text.tu_edpt_bind_driver
                0x10006ca0       0x2a CMakeFiles/serial_scpi.dir/home/pi/pico/pico-sdk/lib/tinyusb/src/tusb.c.obj
                0x10006ca0                tu_edpt_bind_driver
 .text.advance_pointer
                0x10006cca       0x18 CMakeFiles/serial_scpi.dir/home/pi/pico/pico-sdk/lib/tinyusb/src/common/tusb_fifo.c.obj
 .text.backward_pointer
                0x10006ce2       0x1e CMakeFiles/serial_scpi.dir/home/pi/pico/pico-sdk/lib/tinyusb/src/common/tusb_fifo.c.obj
 .text.get_relative_pointer
                0x10006d00       0x10 CMakeFiles/serial_scpi.dir/home/pi/pico/pico-sdk/lib/tinyusb/src/common/tusb_fifo.c.obj
 .text._tu_fifo_peek
                0x10006d10       0x4c CMakeFiles/serial_scpi.dir/home/pi/pico/pico-sdk/lib/tinyusb/src/common/tusb_fifo.c.obj
 .text._ff_pull_const_addr
                0x10006d5c       0x46 CMakeFiles/serial_scpi.dir/home/pi/pico/pico-sdk/lib/tinyusb/src/common/tusb_fifo.c.obj
 .text._ff_pull_n
                0x10006da2      0x100 CMakeFiles/serial_scpi.dir/home/pi/pico/pico-sdk/lib/tinyusb/src/common/tusb_fifo.c.obj
 .text._tu_fifo_peek_n
                0x10006ea2       0x5e CMakeFiles/serial_scpi.dir/home/pi/pico/pico-sdk/lib/tinyusb/src/common/tusb_fifo.c.obj
 .text._tu_fifo_read_n
                0x10006f00       0x4e CMakeFiles/serial_scpi.dir/home/pi/pico/pico-sdk/lib/tinyusb/src/common/tusb_fifo.c.obj
 .text._ff_push_const_addr
                0x10006f4e       0x3a CMakeFiles/serial_scpi.dir/home/pi/pico/pico-sdk/lib/tinyusb/src/common/tusb_fifo.c.obj
 .text._ff_push_n
                0x10006f88       0xfa CMakeFiles/serial_scpi.dir/home/pi/pico/pico-sdk/lib/tinyusb/src/common/tusb_fifo.c.obj
 .text._tu_fifo_write_n
                0x10007082       0x9e CMakeFiles/serial_scpi.dir/home/pi/pico/pico-sdk/lib/tinyusb/src/common/tusb_fifo.c.obj
 .text.tu_fifo_config
                0x10007120       0x72 CMakeFiles/serial_scpi.dir/home/pi/pico/pico-sdk/lib/tinyusb/src/common/tusb_fifo.c.obj
                0x10007120                tu_fifo_config
 .text.tu_fifo_count
                0x10007192       0x24 CMakeFiles/serial_scpi.dir/home/pi/pico/pico-sdk/lib/tinyusb/src/common/tusb_fifo.c.obj
                0x10007192                tu_fifo_count
 .text.tu_fifo_empty
                0x100071b6        0xe CMakeFiles/serial_scpi.dir/home/pi/pico/pico-sdk/lib/tinyusb/src/common/tusb_fifo.c.obj
                0x100071b6                tu_fifo_empty
 .text.tu_fifo_remaining
                0x100071c4       0x20 CMakeFiles/serial_scpi.dir/home/pi/pico/pico-sdk/lib/tinyusb/src/common/tusb_fifo.c.obj
                0x100071c4                tu_fifo_remaining
 .text.tu_fifo_read
                0x100071e4       0x42 CMakeFiles/serial_scpi.dir/home/pi/pico/pico-sdk/lib/tinyusb/src/common/tusb_fifo.c.obj
                0x100071e4                tu_fifo_read
 .text.tu_fifo_read_n
                0x10007226        0xa CMakeFiles/serial_scpi.dir/home/pi/pico/pico-sdk/lib/tinyusb/src/common/tusb_fifo.c.obj
                0x10007226                tu_fifo_read_n
 .text.tu_fifo_write
                0x10007230       0x6c CMakeFiles/serial_scpi.dir/home/pi/pico/pico-sdk/lib/tinyusb/src/common/tusb_fifo.c.obj
                0x10007230                tu_fifo_write
 .text.tu_fifo_write_n
                0x1000729c        0xa CMakeFiles/serial_scpi.dir/home/pi/pico/pico-sdk/lib/tinyusb/src/common/tusb_fifo.c.obj
                0x1000729c                tu_fifo_write_n
 .text.tu_fifo_clear
                0x100072a6       0x4c CMakeFiles/serial_scpi.dir/home/pi/pico/pico-sdk/lib/tinyusb/src/common/tusb_fifo.c.obj
                0x100072a6                tu_fifo_clear
 .text.tu_fifo_set_overwritable
                0x100072f2       0x3c CMakeFiles/serial_scpi.dir/home/pi/pico/pico-sdk/lib/tinyusb/src/common/tusb_fifo.c.obj
                0x100072f2                tu_fifo_set_overwritable
 *fill*         0x1000732e        0x2 
 .text._retrieve_unique_id_on_boot
                0x10007330       0x10 CMakeFiles/serial_scpi.dir/home/pi/pico/pico-sdk/src/rp2_common/pico_unique_id/unique_id.c.obj
 .text.pico_get_unique_board_id_string
                0x10007340       0x60 CMakeFiles/serial_scpi.dir/home/pi/pico/pico-sdk/src/rp2_common/pico_unique_id/unique_id.c.obj
                0x10007340                pico_get_unique_board_id_string
 .text.flash_get_unique_id
                0x100073a0       0x40 CMakeFiles/serial_scpi.dir/home/pi/pico/pico-sdk/src/rp2_common/hardware_flash/flash.c.obj
                0x100073a0                flash_get_unique_id
 .text          0x100073e0      0x640 scpi-parser/libscpi.a(ieee488.o)
                0x100074d8                SCPI_RegGet
                0x1000755e                SCPI_RegSet
                0x100076f8                SCPI_RegSetBits
                0x1000773e                SCPI_RegClearBits
                0x1000778c                SCPI_EventClear
                0x100077a8                SCPI_CoreCls
                0x100077e2                SCPI_CoreEse
                0x1000781a                SCPI_CoreEseQ
                0x10007844                SCPI_CoreEsrQ
                0x1000787a                SCPI_CoreIdnQ
                0x100078f0                SCPI_CoreOpc
                0x1000790e                SCPI_CoreOpcQ
                0x1000792a                SCPI_CoreRst
                0x10007964                SCPI_CoreSre
                0x1000799c                SCPI_CoreSreQ
                0x100079c6                SCPI_CoreStbQ
                0x100079f0                SCPI_CoreTstQ
                0x10007a0c                SCPI_CoreWai
 .text          0x10007a20     0x27b4 scpi-parser/libscpi.a(parser.o)
                0x10007c6a                SCPI_Parse
                0x10007dd0                SCPI_Init
                0x10007e48                SCPI_Input
                0x10007fac                SCPI_ResultCharacters
                0x10008174                SCPI_ResultInt32
                0x10008194                SCPI_ResultUInt32Base
                0x100081bc                SCPI_ResultInt64
                0x100081ea                SCPI_ResultUInt64Base
                0x1000821e                SCPI_ResultFloat
                0x10008276                SCPI_ResultDouble
                0x100082d0                SCPI_ResultText
                0x100083ac                SCPI_ResultError
                0x10008618                SCPI_ResultArbitraryBlockHeader
                0x10008672                SCPI_ResultArbitraryBlockData
                0x100086d8                SCPI_ResultArbitraryBlock
                0x1000871a                SCPI_ResultBool
                0x10008766                SCPI_Parameter
                0x1000885c                SCPI_ParamIsNumber
                0x10008a34                SCPI_ParamToInt32
                0x10008a56                SCPI_ParamToUInt32
                0x10008a78                SCPI_ParamToInt64
                0x10008a9a                SCPI_ParamToUInt64
                0x10008abc                SCPI_ParamToFloat
                0x10008b50                SCPI_ParamToDouble
                0x10008bec                SCPI_ParamFloat
                0x10008c9c                SCPI_ParamDouble
                0x10008ed4                SCPI_ParamInt32
                0x10008efa                SCPI_ParamUInt32
                0x10008f20                SCPI_ParamInt64
                0x10008f46                SCPI_ParamUInt64
                0x10008f6c                SCPI_ParamCharacters
                0x10009008                SCPI_ParamArbitraryBlock
                0x1000909c                SCPI_ParamCopyText
                0x100091b8                SCPI_ParamToChoice
                0x1000929c                SCPI_ChoiceToName
                0x100092ee                SCPI_ParamBool
                0x10009398                SCPI_ParamChoice
                0x1000940c                scpiParser_parseProgramData
                0x10009526                scpiParser_parseAllProgramData
                0x100095f8                scpiParser_detectProgramMessageUnit
                0x10009750                SCPI_IsCmd
                0x10009794                SCPI_CmdTag
                0x100097b6                SCPI_Match
                0x100097e0                SCPI_CommandNumbers
                0x10009816                SCPI_ParamIsValid
                0x10009832                SCPI_ParamErrorOccurred
                0x10009a08                SCPI_ResultArrayInt8
                0x10009a7a                SCPI_ResultArrayUInt8
                0x10009aea                SCPI_ResultArrayInt16
                0x10009b5e                SCPI_ResultArrayUInt16
                0x10009bd0                SCPI_ResultArrayInt32
                0x10009c40                SCPI_ResultArrayUInt32
                0x10009cb0                SCPI_ResultArrayInt64
                0x10009d24                SCPI_ResultArrayUInt64
                0x10009d9c                SCPI_ResultArrayFloat
                0x10009e0c                SCPI_ResultArrayDouble
                0x10009e80                SCPI_ParamArrayInt32
                0x10009f0e                SCPI_ParamArrayUInt32
                0x10009f9c                SCPI_ParamArrayInt64
                0x1000a02a                SCPI_ParamArrayUInt64
                0x1000a0b8                SCPI_ParamArrayFloat
                0x1000a146                SCPI_ParamArrayDouble
 .text          0x1000a1d4      0x454 scpi-parser/libscpi.a(units.o)
                0x1000a34a                SCPI_ParamNumber
                0x1000a534                SCPI_NumberToStr
 .text          0x1000a628     0x15b0 scpi-parser/libscpi.a(utils.o)
                0x1000a628                strnpbrk
                0x1000a684                UInt32ToStrBaseSign
                0x1000a7e0                SCPI_Int32ToStr
                0x1000a806                SCPI_UInt32ToStrBase
                0x1000a838                UInt64ToStrBaseSign
                0x1000aa38                SCPI_Int64ToStr
                0x1000aa66                SCPI_UInt64ToStrBase
                0x1000aa9a                SCPI_FloatToStr
                0x1000aad4                SCPI_DoubleToStr
                0x1000ab0c                strBaseToInt32
                0x1000ab40                strBaseToUInt32
                0x1000ab74                strBaseToInt64
                0x1000abac                strBaseToUInt64
                0x1000abe4                strToFloat
                0x1000ac10                strToDouble
                0x1000ac40                compareStr
                0x1000ac78                compareStrAndNum
                0x1000ad3c                skipWhitespace
                0x1000ae50                matchPattern
                0x1000af0a                matchCommand
                0x1000b2b8                composeCompoundCommand
                0x1000b670                SCPI_dtostre
                0x1000b94c                SCPI_GetNativeFormat
                0x1000b970                SCPI_Swap16
                0x1000b99c                SCPI_Swap32
                0x1000b9ce                SCPI_Swap64
 .text          0x1000bbd8     0x1154 scpi-parser/libscpi.a(lexer.o)
                0x1000bc8a                scpiLex_IsEos
                0x1000c07c                scpiLex_WhiteSpace
                0x1000c19c                scpiLex_ProgramHeader
                0x1000c266                scpiLex_CharacterProgramData
                0x1000c3b8                scpiLex_DecimalNumericProgramData
                0x1000c430                scpiLex_SuffixProgramData
                0x1000c5a8                scpiLex_NondecimalNumericData
                0x1000c7ac                scpiLex_StringProgramData
                0x1000c900                scpiLex_ArbitraryBlockProgramData
                0x1000cafe                scpiLex_ProgramExpression
                0x1000cba6                scpiLex_Comma
                0x1000cbec                scpiLex_Semicolon
                0x1000cc32                scpiLex_Colon
                0x1000cc78                scpiLex_SpecificCharacter
                0x1000ccc6                scpiLex_NewLine
 .text          0x1000cd2c      0x428 scpi-parser/libscpi.a(error.o)
                0x1000cd2c                SCPI_ErrorInit
                0x1000cdf8                SCPI_ErrorClear
                0x1000ce1a                SCPI_ErrorPop
                0x1000ce5a                SCPI_ErrorCount
                0x1000cefc                SCPI_ErrorPushEx
                0x1000d008                SCPI_ErrorPush
                0x1000d02e                SCPI_ErrorTranslate
 .text          0x1000d154      0x20e scpi-parser/libscpi.a(fifo.o)
                0x1000d154                fifo_init
                0x1000d18a                fifo_clear
                0x1000d1ac                fifo_is_empty
                0x1000d1c8                fifo_is_full
                0x1000d1ec                fifo_add
                0x1000d25e                fifo_remove
                0x1000d2cc                fifo_remove_last
                0x1000d344                fifo_count
 *fill*         0x1000d362        0x2 
 .text          0x1000d364       0x5c /usr/lib/gcc/arm-none-eabi/8.3.1/../../../arm-none-eabi/lib/thumb/v6-m/nofp/libg.a(lib_a-callocr.o)
                0x1000d364                _calloc_r
 .text          0x1000d3c0       0x80 /usr/lib/gcc/arm-none-eabi/8.3.1/../../../arm-none-eabi/lib/thumb/v6-m/nofp/libg.a(lib_a-fgetc.o)
                0x1000d3c0                _fgetc_r
                0x1000d3fc                fgetc
 .text          0x1000d440      0x220 /usr/lib/gcc/arm-none-eabi/8.3.1/../../../arm-none-eabi/lib/thumb/v6-m/nofp/libg.a(lib_a-findfp.o)
                0x1000d444                _cleanup_r
                0x1000d540                __sfmoreglue
                0x1000d570                __sfp
                0x1000d5f8                _cleanup
                0x1000d610                __sinit
                0x1000d620                __sfp_lock_acquire
                0x1000d624                __sfp_lock_release
                0x1000d628                __sinit_lock_acquire
                0x1000d62c                __sinit_lock_release
                0x1000d630                __fp_lock_all
                0x1000d648                __fp_unlock_all
 .text          0x1000d660       0x90 /usr/lib/gcc/arm-none-eabi/8.3.1/../../../arm-none-eabi/lib/thumb/v6-m/nofp/libg.a(lib_a-fwalk.o)
                0x1000d660                _fwalk
                0x1000d6a4                _fwalk_reent
 .text          0x1000d6f0       0x90 /usr/lib/gcc/arm-none-eabi/8.3.1/../../../arm-none-eabi/lib/thumb/v6-m/nofp/libg.a(lib_a-fwrite.o)
                0x1000d6f0                _fwrite_r
                0x1000d760                fwrite
 .text          0x1000d780      0x58c /usr/lib/gcc/arm-none-eabi/8.3.1/../../../arm-none-eabi/lib/thumb/v6-m/nofp/libg.a(lib_a-mallocr.o)
                0x1000d780                _malloc_r
 .text          0x1000dd0c       0xbc /usr/lib/gcc/arm-none-eabi/8.3.1/../../../arm-none-eabi/lib/thumb/v6-m/nofp/libg.a(lib_a-memmove.o)
                0x1000dd0c                memmove
 .text          0x1000ddc8        0x8 /usr/lib/gcc/arm-none-eabi/8.3.1/../../../arm-none-eabi/lib/thumb/v6-m/nofp/libg.a(lib_a-mlock.o)
                0x1000ddc8                __malloc_lock
                0x1000ddcc                __malloc_unlock
 .text          0x1000ddd0       0x4c /usr/lib/gcc/arm-none-eabi/8.3.1/../../../arm-none-eabi/lib/thumb/v6-m/nofp/libg.a(lib_a-rget.o)
                0x1000ddd0                __srget_r
                0x1000de08                __srget
 .text          0x1000de1c       0x24 /usr/lib/gcc/arm-none-eabi/8.3.1/../../../arm-none-eabi/lib/thumb/v6-m/nofp/libg.a(lib_a-sbrkr.o)
                0x1000de1c                _sbrk_r
 .text          0x1000de40       0xa4 /usr/lib/gcc/arm-none-eabi/8.3.1/../../../arm-none-eabi/lib/thumb/v6-m/nofp/libg.a(lib_a-stdio.o)
                0x1000de40                __sread
                0x1000de68                __seofread
                0x1000de6c                __swrite
                0x1000deac                __sseek
                0x1000ded8                __sclose
 .text          0x1000dee4       0x10 /usr/lib/gcc/arm-none-eabi/8.3.1/../../../arm-none-eabi/lib/thumb/v6-m/nofp/libg.a(lib_a-strcpy.o)
                0x1000dee4                strcpy
 .text          0x1000def4       0x68 /usr/lib/gcc/arm-none-eabi/8.3.1/../../../arm-none-eabi/lib/thumb/v6-m/nofp/libg.a(lib_a-strlen-stub.o)
                0x1000def4                strlen
 .text          0x1000df5c       0x4c /usr/lib/gcc/arm-none-eabi/8.3.1/../../../arm-none-eabi/lib/thumb/v6-m/nofp/libg.a(lib_a-strncasecmp.o)
                0x1000df5c                strncasecmp
 .text          0x1000dfa8       0x68 /usr/lib/gcc/arm-none-eabi/8.3.1/../../../arm-none-eabi/lib/thumb/v6-m/nofp/libg.a(lib_a-strncat.o)
                0x1000dfa8                strncat
 .text          0x1000e010       0x80 /usr/lib/gcc/arm-none-eabi/8.3.1/../../../arm-none-eabi/lib/thumb/v6-m/nofp/libg.a(lib_a-strncpy.o)
                0x1000e010                strncpy
 .text          0x1000e090       0x2c /usr/lib/gcc/arm-none-eabi/8.3.1/../../../arm-none-eabi/lib/thumb/v6-m/nofp/libg.a(lib_a-strnlen.o)
                0x1000e090                strnlen
 .text          0x1000e0bc     0x10b8 /usr/lib/gcc/arm-none-eabi/8.3.1/../../../arm-none-eabi/lib/thumb/v6-m/nofp/libg.a(lib_a-strtod.o)
                0x1000e0ec                _strtod_l
                0x1000efcc                _strtod_r
                0x1000efdc                strtod_l
                0x1000eff4                strtod
                0x1000f010                strtof_l
                0x1000f0c0                strtof
 .text          0x1000f174      0x184 /usr/lib/gcc/arm-none-eabi/8.3.1/../../../arm-none-eabi/lib/thumb/v6-m/nofp/libg.a(lib_a-strtol.o)
                0x1000f2c0                _strtol_r
                0x1000f2c8                strtol_l
                0x1000f2e0                strtol
 .text          0x1000f2f8      0x1d8 /usr/lib/gcc/arm-none-eabi/8.3.1/../../../arm-none-eabi/lib/thumb/v6-m/nofp/libg.a(lib_a-strtoll.o)
                0x1000f498                _strtoll_r
                0x1000f4a0                strtoll_l
                0x1000f4b8                strtoll
 .text          0x1000f4d0      0x180 /usr/lib/gcc/arm-none-eabi/8.3.1/../../../arm-none-eabi/lib/thumb/v6-m/nofp/libg.a(lib_a-strtoul.o)
                0x1000f618                _strtoul_r
                0x1000f620                strtoul_l
                0x1000f638                strtoul
 .text          0x1000f650      0x1f4 /usr/lib/gcc/arm-none-eabi/8.3.1/../../../arm-none-eabi/lib/thumb/v6-m/nofp/libg.a(lib_a-strtoull.o)
                0x1000f80c                _strtoull_r
                0x1000f814                strtoull_l
                0x1000f82c                strtoull
 .text          0x1000f844       0x28 /usr/lib/gcc/arm-none-eabi/8.3.1/../../../arm-none-eabi/lib/thumb/v6-m/nofp/libg.a(lib_a-writer.o)
                0x1000f844                _write_r
 .text          0x1000f86c       0x24 /usr/lib/gcc/arm-none-eabi/8.3.1/../../../arm-none-eabi/lib/thumb/v6-m/nofp/libg.a(lib_a-closer.o)
                0x1000f86c                _close_r
 .text          0x1000f890        0xc /usr/lib/gcc/arm-none-eabi/8.3.1/../../../arm-none-eabi/lib/thumb/v6-m/nofp/libg.a(lib_a-errno.o)
                0x1000f890                __errno
 .text          0x1000f89c       0xac /usr/lib/gcc/arm-none-eabi/8.3.1/../../../arm-none-eabi/lib/thumb/v6-m/nofp/libg.a(lib_a-fclose.o)
                0x1000f89c                _fclose_r
                0x1000f934                fclose
 .text          0x1000f948      0x1b4 /usr/lib/gcc/arm-none-eabi/8.3.1/../../../arm-none-eabi/lib/thumb/v6-m/nofp/libg.a(lib_a-fflush.o)
                0x1000f948                __sflush_r
                0x1000faa8                _fflush_r
                0x1000fad4                fflush
 .text          0x1000fafc      0x27c /usr/lib/gcc/arm-none-eabi/8.3.1/../../../arm-none-eabi/lib/thumb/v6-m/nofp/libg.a(lib_a-freer.o)
                0x1000fafc                _malloc_trim_r
                0x1000fb9c                _free_r
 .text          0x1000fd78      0x320 /usr/lib/gcc/arm-none-eabi/8.3.1/../../../arm-none-eabi/lib/thumb/v6-m/nofp/libg.a(lib_a-fvwrite.o)
                0x1000fd78                __sfvwrite_r
 .text          0x10010098      0x634 /usr/lib/gcc/arm-none-eabi/8.3.1/../../../arm-none-eabi/lib/thumb/v6-m/nofp/libg.a(lib_a-gdtoa-gethex.o)
                0x1001013c                __gethex
 .text          0x100106cc      0x1d8 /usr/lib/gcc/arm-none-eabi/8.3.1/../../../arm-none-eabi/lib/thumb/v6-m/nofp/libg.a(lib_a-gdtoa-hexnan.o)
                0x100106cc                __match
                0x100106f8                __hexnan
 .text          0x100108a4       0x28 /usr/lib/gcc/arm-none-eabi/8.3.1/../../../arm-none-eabi/lib/thumb/v6-m/nofp/libg.a(lib_a-lseekr.o)
                0x100108a4                _lseek_r
 .text          0x100108cc       0x44 /usr/lib/gcc/arm-none-eabi/8.3.1/../../../arm-none-eabi/lib/thumb/v6-m/nofp/libg.a(lib_a-mbtowc_r.o)
                0x100108cc                _mbtowc_r
                0x100108e4                __ascii_mbtowc
 .text          0x10010910       0x80 /usr/lib/gcc/arm-none-eabi/8.3.1/../../../arm-none-eabi/lib/thumb/v6-m/nofp/libg.a(lib_a-memchr-stub.o)
                0x10010910                memchr
 .text          0x10010990      0xa38 /usr/lib/gcc/arm-none-eabi/8.3.1/../../../arm-none-eabi/lib/thumb/v6-m/nofp/libg.a(lib_a-mprec.o)
                0x10010990                _Balloc
                0x100109e0                _Bfree
                0x100109f4                __multadd
                0x10010aa4                __s2b
                0x10010b50                __hi0bits
                0x10010b88                __lo0bits
                0x10010be4                __i2b
                0x10010c10                __multiply
                0x10010d9c                __pow5mult
                0x10010e50                __lshift
                0x10010f34                __mcmp
                0x10010f68                __mdiff
                0x100110b0                __ulp
                0x100110f8                __b2d
                0x100111b0                __d2b
                0x10011288                __ratio
                0x100112fc                _mprec_log10
                0x10011330                __copybits
                0x10011370                __any_on
 .text          0x100113c8       0x28 /usr/lib/gcc/arm-none-eabi/8.3.1/../../../arm-none-eabi/lib/thumb/v6-m/nofp/libg.a(lib_a-readr.o)
                0x100113c8                _read_r
 .text          0x100113f0      0x35c /usr/lib/gcc/arm-none-eabi/8.3.1/../../../arm-none-eabi/lib/thumb/v6-m/nofp/libg.a(lib_a-reallocr.o)
                0x100113f0                _realloc_r
 .text          0x1001174c      0x140 /usr/lib/gcc/arm-none-eabi/8.3.1/../../../arm-none-eabi/lib/thumb/v6-m/nofp/libg.a(lib_a-refill.o)
                0x10011768                __srefill_r
 .text          0x1001188c        0xc /usr/lib/gcc/arm-none-eabi/8.3.1/../../../arm-none-eabi/lib/thumb/v6-m/nofp/libg.a(lib_a-s_nan.o)
                0x1001188c                nan
 .text          0x10011898        0x8 /usr/lib/gcc/arm-none-eabi/8.3.1/../../../arm-none-eabi/lib/thumb/v6-m/nofp/libg.a(lib_a-sf_nan.o)
                0x10011898                nanf
 .text          0x100118a0       0x94 /usr/lib/gcc/arm-none-eabi/8.3.1/../../../arm-none-eabi/lib/thumb/v6-m/nofp/libg.a(lib_a-strncmp.o)
                0x100118a0                strncmp
 .text          0x10011934       0x2c /usr/lib/gcc/arm-none-eabi/8.3.1/../../../arm-none-eabi/lib/thumb/v6-m/nofp/libg.a(lib_a-wctomb_r.o)
                0x10011934                _wctomb_r
                0x10011944                __ascii_wctomb
 .text          0x10011960       0xdc /usr/lib/gcc/arm-none-eabi/8.3.1/../../../arm-none-eabi/lib/thumb/v6-m/nofp/libg.a(lib_a-wsetup.o)
                0x10011960                __swsetup_r
 .text          0x10011a3c       0xf0 /usr/lib/gcc/arm-none-eabi/8.3.1/../../../arm-none-eabi/lib/thumb/v6-m/nofp/libg.a(lib_a-makebuf.o)
                0x10011a3c                __swhatbuf_r
                0x10011a9c                __smakebuf_r
 .text          0x10011b2c       0x28 /usr/lib/gcc/arm-none-eabi/8.3.1/../../../arm-none-eabi/lib/thumb/v6-m/nofp/libg.a(lib_a-fstatr.o)
                0x10011b2c                _fstat_r
 .text          0x10011b54       0x24 /usr/lib/gcc/arm-none-eabi/8.3.1/../../../arm-none-eabi/lib/thumb/v6-m/nofp/libg.a(lib_a-isattyr.o)
                0x10011b54                _isatty_r
 .text          0x10011b78       0x10 /usr/lib/gcc/arm-none-eabi/8.3.1/../../../arm-none-eabi/lib/thumb/v6-m/nofp/libnosys.a(close.o)
                0x10011b78                _close
 .text          0x10011b88       0x10 /usr/lib/gcc/arm-none-eabi/8.3.1/../../../arm-none-eabi/lib/thumb/v6-m/nofp/libnosys.a(fstat.o)
                0x10011b88                _fstat
 .text          0x10011b98       0x10 /usr/lib/gcc/arm-none-eabi/8.3.1/../../../arm-none-eabi/lib/thumb/v6-m/nofp/libnosys.a(isatty.o)
                0x10011b98                _isatty
 .text          0x10011ba8       0x10 /usr/lib/gcc/arm-none-eabi/8.3.1/../../../arm-none-eabi/lib/thumb/v6-m/nofp/libnosys.a(lseek.o)
                0x10011ba8                _lseek
 *(.fini)
 .fini          0x10011bb8        0x4 /usr/lib/gcc/arm-none-eabi/8.3.1/thumb/v6-m/nofp/crti.o
                0x10011bb8                _fini
 *fill*         0x10011bbc        0x4 
 .fini.__stub   0x10011bc0       0x90 linker stubs
 *crtbegin.o(.ctors)
 *crtbegin?.o(.ctors)
 *(EXCLUDE_FILE(*crtend.o *crtend?.o) .ctors)
 *(SORT_BY_NAME(.ctors.*))
 *(.ctors)
 *crtbegin.o(.dtors)
 *crtbegin?.o(.dtors)
 *(EXCLUDE_FILE(*crtend.o *crtend?.o) .dtors)
 *(SORT_BY_NAME(.dtors.*))
 *(.dtors)
 *(.eh_frame*)
 .eh_frame      0x10011c50        0x0 /usr/lib/gcc/arm-none-eabi/8.3.1/thumb/v6-m/nofp/crtbegin.o
                0x10011c50                . = ALIGN (0x4)

.glue_7         0x10011c50        0x0
 .glue_7        0x10011c50        0x0 linker stubs

.glue_7t        0x10011c50        0x0
 .glue_7t       0x10011c50        0x0 linker stubs

.vfp11_veneer   0x10011c50        0x0
 .vfp11_veneer  0x10011c50        0x0 linker stubs

.v4_bx          0x10011c50        0x0
 .v4_bx         0x10011c50        0x0 linker stubs

.iplt           0x10011c50        0x0
 .iplt          0x10011c50        0x0 /usr/lib/gcc/arm-none-eabi/8.3.1/thumb/v6-m/nofp/crtbegin.o

.rodata         0x10011c50     0x2024
 *(EXCLUDE_FILE(*libm.a: *libc.a:*lib_a-mem*.o *libgcc.a:) .rodata*)
 .rodata.__bi_47.6942
                0x10011c50        0xc CMakeFiles/serial_scpi.dir/serial_scpi.c.obj
 .rodata.main.str1.4
                0x10011c5c       0x2d CMakeFiles/serial_scpi.dir/serial_scpi.c.obj
 *fill*         0x10011c89        0x3 
 .rodata.str1.4
                0x10011c8c       0x41 CMakeFiles/serial_scpi.dir/serial_scpi.c.obj
 *fill*         0x10011ccd        0x3 
 .rodata.spin_lock_claim_unused.str1.4
                0x10011cd0       0x1b CMakeFiles/serial_scpi.dir/home/pi/pico/pico-sdk/src/rp2_common/hardware_sync/sync.c.obj
 *fill*         0x10011ceb        0x1 
 .rodata.__func__.5751
                0x10011cec       0x15 CMakeFiles/serial_scpi.dir/home/pi/pico/pico-sdk/src/common/pico_time/time.c.obj
 *fill*         0x10011d01        0x3 
 .rodata.__func__.6057
                0x10011d04        0xc CMakeFiles/serial_scpi.dir/home/pi/pico/pico-sdk/src/common/pico_time/time.c.obj
 .rodata.__func__.6064
                0x10011d10       0x12 CMakeFiles/serial_scpi.dir/home/pi/pico/pico-sdk/src/common/pico_time/time.c.obj
 *fill*         0x10011d22        0x2 
 .rodata.__func__.6080
                0x10011d24        0xf CMakeFiles/serial_scpi.dir/home/pi/pico/pico-sdk/src/common/pico_time/time.c.obj
 *fill*         0x10011d33        0x1 
 .rodata.__func__.6102
                0x10011d34        0xd CMakeFiles/serial_scpi.dir/home/pi/pico/pico-sdk/src/common/pico_time/time.c.obj
 *fill*         0x10011d41        0x3 
 .rodata.__func__.6326
                0x10011d44        0xa CMakeFiles/serial_scpi.dir/home/pi/pico/pico-sdk/src/common/pico_time/time.c.obj
 *fill*         0x10011d4e        0x2 
 .rodata.__func__.6331
                0x10011d50       0x12 CMakeFiles/serial_scpi.dir/home/pi/pico/pico-sdk/src/common/pico_time/time.c.obj
 *fill*         0x10011d62        0x2 
 .rodata.__func__.6346
                0x10011d64       0x17 CMakeFiles/serial_scpi.dir/home/pi/pico/pico-sdk/src/common/pico_time/time.c.obj
 *fill*         0x10011d7b        0x1 
 .rodata.__func__.6357
                0x10011d7c       0x15 CMakeFiles/serial_scpi.dir/home/pi/pico/pico-sdk/src/common/pico_time/time.c.obj
 *fill*         0x10011d91        0x3 
 .rodata.__func__.6374
                0x10011d94       0x1a CMakeFiles/serial_scpi.dir/home/pi/pico/pico-sdk/src/common/pico_time/time.c.obj
 *fill*         0x10011dae        0x2 
 .rodata.__func__.6413
                0x10011db0       0x18 CMakeFiles/serial_scpi.dir/home/pi/pico/pico-sdk/src/common/pico_time/time.c.obj
 .rodata.add_alarm_under_lock.str1.4
                0x10011dc8       0x28 CMakeFiles/serial_scpi.dir/home/pi/pico/pico-sdk/src/common/pico_time/time.c.obj
                                 0x2b (size before relaxing)
 .rodata.alarm_pool_alarm_callback.str1.4
                0x10011df0       0xe2 CMakeFiles/serial_scpi.dir/home/pi/pico/pico-sdk/src/common/pico_time/time.c.obj
 *fill*         0x10011ed2        0x2 
 .rodata.alarm_pool_cancel_alarm.str1.4
                0x10011ed4       0x27 CMakeFiles/serial_scpi.dir/home/pi/pico/pico-sdk/src/common/pico_time/time.c.obj
 *fill*         0x10011efb        0x1 
 .rodata.alarm_pool_dump_key.str1.4
                0x10011efc       0x33 CMakeFiles/serial_scpi.dir/home/pi/pico/pico-sdk/src/common/pico_time/time.c.obj
 *fill*         0x10011f2f        0x1 
 .rodata.alarm_pool_get_default.str1.4
                0x10011f30       0x21 CMakeFiles/serial_scpi.dir/home/pi/pico/pico-sdk/src/common/pico_time/time.c.obj
 *fill*         0x10011f51        0x7 
 .rodata.at_the_end_of_time
                0x10011f58        0x8 CMakeFiles/serial_scpi.dir/home/pi/pico/pico-sdk/src/common/pico_time/time.c.obj
                0x10011f58                at_the_end_of_time
 .rodata.ph_add_child_node.str1.4
                0x10011f60       0x92 CMakeFiles/serial_scpi.dir/home/pi/pico/pico-sdk/src/common/pico_time/time.c.obj
 *fill*         0x10011ff2        0x2 
 .rodata.repeating_timer_callback.str1.4
                0x10011ff4       0x47 CMakeFiles/serial_scpi.dir/home/pi/pico/pico-sdk/src/common/pico_time/time.c.obj
 *fill*         0x1001203b        0x1 
 .rodata.__func__.4243
                0x1001203c       0x15 CMakeFiles/serial_scpi.dir/home/pi/pico/pico-sdk/src/rp2_common/hardware_timer/timer.c.obj
 *fill*         0x10012051        0x3 
 .rodata.__func__.4609
                0x10012054       0x1a CMakeFiles/serial_scpi.dir/home/pi/pico/pico-sdk/src/rp2_common/hardware_timer/timer.c.obj
 .rodata.busy_wait_us.str1.4
                0x1001206e       0x5d CMakeFiles/serial_scpi.dir/home/pi/pico/pico-sdk/src/rp2_common/hardware_timer/timer.c.obj
 *fill*         0x1001206e        0x2 
 .rodata.hardware_alarm_claim.str1.4
                0x10012070       0x22 CMakeFiles/serial_scpi.dir/home/pi/pico/pico-sdk/src/rp2_common/hardware_timer/timer.c.obj
 *fill*         0x10012092        0x2 
 .rodata.hardware_alarm_set_target.str1.4
                0x10012094       0x61 CMakeFiles/serial_scpi.dir/home/pi/pico/pico-sdk/src/rp2_common/hardware_timer/timer.c.obj
 *fill*         0x100120f5        0x3 
 .rodata.__func__.4243
                0x100120f8       0x15 CMakeFiles/serial_scpi.dir/home/pi/pico/pico-sdk/src/common/pico_sync/mutex.c.obj
 *fill*         0x1001210d        0x3 
 .rodata.__func__.4731
                0x10012110       0x18 CMakeFiles/serial_scpi.dir/home/pi/pico/pico-sdk/src/common/pico_sync/mutex.c.obj
 .rodata.__func__.4750
                0x10012128        0xb CMakeFiles/serial_scpi.dir/home/pi/pico/pico-sdk/src/common/pico_sync/mutex.c.obj
 *fill*         0x10012133        0x1 
 .rodata.str1.4
                0x10012134       0x85 CMakeFiles/serial_scpi.dir/home/pi/pico/pico-sdk/src/common/pico_sync/mutex.c.obj
                                 0xe5 (size before relaxing)
 *fill*         0x100121b9        0x3 
 .rodata.__func__.5758
                0x100121bc        0xc CMakeFiles/serial_scpi.dir/home/pi/pico/pico-sdk/src/common/pico_util/pheap.c.obj
 .rodata.__func__.5765
                0x100121c8       0x12 CMakeFiles/serial_scpi.dir/home/pi/pico/pico-sdk/src/common/pico_util/pheap.c.obj
 *fill*         0x100121da        0x2 
 .rodata.__func__.5851
                0x100121dc       0x13 CMakeFiles/serial_scpi.dir/home/pi/pico/pico-sdk/src/common/pico_util/pheap.c.obj
 *fill*         0x100121ef        0x1 
 .rodata.__func__.5869
                0x100121f0       0x18 CMakeFiles/serial_scpi.dir/home/pi/pico/pico-sdk/src/common/pico_util/pheap.c.obj
 .rodata.ph_add_child_node.str1.4
                0x10012208       0x92 CMakeFiles/serial_scpi.dir/home/pi/pico/pico-sdk/src/common/pico_util/pheap.c.obj
 .rodata.ph_remove_and_free_node.str1.4
                0x10012208       0x26 CMakeFiles/serial_scpi.dir/home/pi/pico/pico-sdk/src/common/pico_util/pheap.c.obj
 *fill*         0x1001222e        0x2 
 .rodata.ph_remove_any_head.str1.4
                0x10012230       0x88 CMakeFiles/serial_scpi.dir/home/pi/pico/pico-sdk/src/common/pico_util/pheap.c.obj
 .rodata.__assert_func.str1.4
                0x100122b8       0x3f CMakeFiles/serial_scpi.dir/home/pi/pico/pico-sdk/src/rp2_common/pico_runtime/runtime.c.obj
                                 0x43 (size before relaxing)
 *fill*         0x100122f7        0x1 
 .rodata.__func__.5866
                0x100122f8        0xd CMakeFiles/serial_scpi.dir/home/pi/pico/pico-sdk/src/rp2_common/pico_runtime/runtime.c.obj
 *fill*         0x10012305        0x3 
 .rodata.panic.str1.4
                0x10012308       0x12 CMakeFiles/serial_scpi.dir/home/pi/pico/pico-sdk/src/rp2_common/pico_runtime/runtime.c.obj
 *fill*         0x1001231a        0x2 
 .rodata.runtime_init.str1.4
                0x1001231c       0x5d CMakeFiles/serial_scpi.dir/home/pi/pico/pico-sdk/src/rp2_common/pico_runtime/runtime.c.obj
 *fill*         0x10012379        0x3 
 .rodata.__func__.4738
                0x1001237c       0x10 CMakeFiles/serial_scpi.dir/home/pi/pico/pico-sdk/src/rp2_common/hardware_clocks/clocks.c.obj
 .rodata.clock_configure.str1.4
                0x1001238c       0x53 CMakeFiles/serial_scpi.dir/home/pi/pico/pico-sdk/src/rp2_common/hardware_clocks/clocks.c.obj
 *fill*         0x100123df        0x1 
 .rodata.__func__.4783
                0x100123e0       0x1a CMakeFiles/serial_scpi.dir/home/pi/pico/pico-sdk/src/rp2_common/hardware_irq/irq.c.obj
 *fill*         0x100123fa        0x2 
 .rodata.__func__.4797
                0x100123fc        0xc CMakeFiles/serial_scpi.dir/home/pi/pico/pico-sdk/src/rp2_common/hardware_irq/irq.c.obj
 .rodata.__func__.4805
                0x10012408       0x17 CMakeFiles/serial_scpi.dir/home/pi/pico/pico-sdk/src/rp2_common/hardware_irq/irq.c.obj
 *fill*         0x1001241f        0x1 
 .rodata.__func__.4809
                0x10012420        0xf CMakeFiles/serial_scpi.dir/home/pi/pico/pico-sdk/src/rp2_common/hardware_irq/irq.c.obj
 *fill*         0x1001242f        0x1 
 .rodata.__func__.4848
                0x10012430       0x13 CMakeFiles/serial_scpi.dir/home/pi/pico/pico-sdk/src/rp2_common/hardware_irq/irq.c.obj
 *fill*         0x10012443        0x1 
 .rodata.__func__.4871
                0x10012444       0x1a CMakeFiles/serial_scpi.dir/home/pi/pico/pico-sdk/src/rp2_common/hardware_irq/irq.c.obj
 *fill*         0x1001245e        0x2 
 .rodata.irq_add_shared_handler.str1.4
                0x10012460       0xd9 CMakeFiles/serial_scpi.dir/home/pi/pico/pico-sdk/src/rp2_common/hardware_irq/irq.c.obj
 *fill*         0x10012539        0x3 
 .rodata.irq_add_tail_to_free_list.str1.4
                0x1001253c       0x32 CMakeFiles/serial_scpi.dir/home/pi/pico/pico-sdk/src/rp2_common/hardware_irq/irq.c.obj
                                 0x3a (size before relaxing)
 *fill*         0x1001256e        0x2 
 .rodata.irq_remove_handler.str1.4
                0x10012570       0x2a CMakeFiles/serial_scpi.dir/home/pi/pico/pico-sdk/src/rp2_common/hardware_irq/irq.c.obj
 *fill*         0x1001259a        0x2 
 .rodata.irq_set_exclusive_handler.str1.4
                0x1001259c       0x36 CMakeFiles/serial_scpi.dir/home/pi/pico/pico-sdk/src/rp2_common/hardware_irq/irq.c.obj
 *fill*         0x100125d2        0x2 
 .rodata.make_branch.str1.4
                0x100125d4       0x49 CMakeFiles/serial_scpi.dir/home/pi/pico/pico-sdk/src/rp2_common/hardware_irq/irq.c.obj
 *fill*         0x1001261d        0x3 
 .rodata.__func__.4458
                0x10012620        0x9 CMakeFiles/serial_scpi.dir/home/pi/pico/pico-sdk/src/rp2_common/hardware_pll/pll.c.obj
 *fill*         0x10012629        0x3 
 .rodata.pll_init.str1.4
                0x1001262c       0xd7 CMakeFiles/serial_scpi.dir/home/pi/pico/pico-sdk/src/rp2_common/hardware_pll/pll.c.obj
 *fill*         0x10012703        0x1 
 .rodata._vsnprintf
                0x10012704      0x1e0 CMakeFiles/serial_scpi.dir/home/pi/pico/pico-sdk/src/rp2_common/pico_printf/printf.c.obj
 .rodata._ftoa.str1.4
                0x100128e4       0x15 CMakeFiles/serial_scpi.dir/home/pi/pico/pico-sdk/src/rp2_common/pico_printf/printf.c.obj
 *fill*         0x100128f9        0x7 
 .rodata.pow10.5472
                0x10012900       0x50 CMakeFiles/serial_scpi.dir/home/pi/pico/pico-sdk/src/rp2_common/pico_printf/printf.c.obj